--- SOCKET REGISTER ---
Member: 84f975b8-ed21-4021-b1c6-4f16933c3373
Socket ID: vEBNcRaw7iPJU1n_AAAB
--- SOCKET REGISTER ---
Member: 84f975b8-ed21-4021-b1c6-4f16933c3373
Socket ID: fIKpP0stuoZ2yza2AAAD
--- SOCKET REGISTER ---
Member: 84f975b8-ed21-4021-b1c6-4f16933c3373
Socket ID: wvUCVgVY2cca3iGHAAAF
--- SOCKET REGISTER ---
Member: 84f975b8-ed21-4021-b1c6-4f16933c3373
Socket ID: AEfyCU9ZyyoJpXGEAAAH
--- SOCKET REGISTER ---
Member: 84f975b8-ed21-4021-b1c6-4f16933c3373
Socket ID: 0IHE1LCs1VgyppMSAAAJ
--- SOCKET REGISTER ---
Member: 84f975b8-ed21-4021-b1c6-4f16933c3373
Socket ID: uNa_xb9OBl1mimoIAAAL
--- SOCKET REGISTER ---
Member: 84f975b8-ed21-4021-b1c6-4f16933c3373
Socket ID: a7v3nwPqd-3TidCCAAAN
--- SOCKET REGISTER ---
Member: 84f975b8-ed21-4021-b1c6-4f16933c3373
Socket ID: LGZZPini8gLw644PAAAB
--- SOCKET REGISTER ---
Member: 0a7fd51a-6494-4202-89b6-94641b105fbb
Socket ID: NUQpG4QhkOP9_JjhAAAD
--- SOCKET REGISTER ---
Member: 0a7fd51a-6494-4202-89b6-94641b105fbb
Socket ID: BDgCaHAPHJ5xJULbAAAB
--- SOCKET REGISTER ---
Member: 84f975b8-ed21-4021-b1c6-4f16933c3373
Socket ID: q5i3mE_49d5GqJjaAAAD
--- SOCKET REGISTER ---
Member: 0a7fd51a-6494-4202-89b6-94641b105fbb
Socket ID: -Q8qhPhv1M2_mwDxAAAB
--- SOCKET REGISTER ---
Member: 84f975b8-ed21-4021-b1c6-4f16933c3373
Socket ID: PO3IdKySAwQ-rqlUAAAD
--- SOCKET REGISTER ---
Member: 0a7fd51a-6494-4202-89b6-94641b105fbb
Socket ID: YQc_tsYmUQtEI410AAAB
--- SOCKET REGISTER ---
Member: 84f975b8-ed21-4021-b1c6-4f16933c3373
Socket ID: bhKZzBn1SKlFxXMmAAAD
--- SOCKET REGISTER ---
Member: 84f975b8-ed21-4021-b1c6-4f16933c3373
Socket ID: 2XbpRtHGH85qANQRAAAC
--- SOCKET REGISTER ---
Member: 0a7fd51a-6494-4202-89b6-94641b105fbb
Socket ID: IKnbfrUPcEWZ7o5iAAAD
--- SOCKET REGISTER ---
Member: 0a7fd51a-6494-4202-89b6-94641b105fbb
Socket ID: gCy6xQPCuxcAeR9XAAAB
--- SOCKET REGISTER ---
Member: 84f975b8-ed21-4021-b1c6-4f16933c3373
Socket ID: TIAnbEc8vrCtkHBpAAAD
--- SOCKET REGISTER ---
Member: 84f975b8-ed21-4021-b1c6-4f16933c3373
Socket ID: NC1vsmFg2bcFepIIAAAB
--- SOCKET REGISTER ---
Member: 84f975b8-ed21-4021-b1c6-4f16933c3373
Socket ID: w27-gU9zpEyV9yhzAAAB
--- SOCKET REGISTER ---
Member: 84f975b8-ed21-4021-b1c6-4f16933c3373
Socket ID: BkhcoLAvuOmEfKXVAAAB
--- SOCKET REGISTER ---
Member: 84f975b8-ed21-4021-b1c6-4f16933c3373
Socket ID: s_EUzVHShnWyqXj6AAAB
--- SOCKET REGISTER ---
Member: 84f975b8-ed21-4021-b1c6-4f16933c3373
Socket ID: l60ybPy98A3TF3_kAAAB
--- SOCKET REGISTER ---
Member: 84f975b8-ed21-4021-b1c6-4f16933c3373
Socket ID: _BUHI1d49bUpLJTdAAAB
--- SOCKET REGISTER ---
Member: 84f975b8-ed21-4021-b1c6-4f16933c3373
Socket ID: QebWTJEnzvHftY-yAAAB
--- SOCKET REGISTER ---
Member: 84f975b8-ed21-4021-b1c6-4f16933c3373
Socket ID: _CUD3jCNIAkiYTGIAAAB
--- SOCKET REGISTER ---
Member: 84f975b8-ed21-4021-b1c6-4f16933c3373
Socket ID: S5qLg8NKowW_3KK7AAAB
--- SOCKET REGISTER ---
Member: 84f975b8-ed21-4021-b1c6-4f16933c3373
Socket ID: HbA_8KHJpxJHP0piAAAB
--- SOCKET REGISTER ---
Member: 84f975b8-ed21-4021-b1c6-4f16933c3373
Socket ID: HFxFoIkKpyU0Ep3UAAAB
--- SOCKET REGISTER ---
Member: 84f975b8-ed21-4021-b1c6-4f16933c3373
Socket ID: FZw7kpA7FckgMiJjAAAB
--- SOCKET REGISTER ---
Member: 0a7fd51a-6494-4202-89b6-94641b105fbb
Socket ID: oylh3E3MSCGTeSH0AAAD
--- SOCKET REGISTER ---
Member: 84f975b8-ed21-4021-b1c6-4f16933c3373
Socket ID: xAABuOyPVmD2HYbaAAAB
--- SOCKET REGISTER ---
Member: 0a7fd51a-6494-4202-89b6-94641b105fbb
Socket ID: PHGvzPuubAhvkH7GAAAD
--- SOCKET REGISTER ---
Member: 0a7fd51a-6494-4202-89b6-94641b105fbb
Socket ID: kHnXtp-ZTL4vwsjsAAAF
--- SOCKET REGISTER ---
Member: 84f975b8-ed21-4021-b1c6-4f16933c3373
Socket ID: 4vijhG1C8B7X4ziRAAAH
--- SOCKET REGISTER ---
Member: 43643359-0f59-4ea4-bb6d-e93505733d4a
Socket ID: Y_BuJIg4zcvP3kzDAAAB
--- SOCKET REGISTER ---
Member: 43643359-0f59-4ea4-bb6d-e93505733d4a
Socket ID: Bqz5gymkp9u5PpICAAAD
--- SOCKET REGISTER ---
Member: 43643359-0f59-4ea4-bb6d-e93505733d4a
Socket ID: jSQqtDhG3IFKivgFAAAF
--- SOCKET REGISTER ---
Member: 84f975b8-ed21-4021-b1c6-4f16933c3373
Socket ID: 4COZUiHZhSi6NoxBAAAH
--- SOCKET REGISTER ---
Member: 84f975b8-ed21-4021-b1c6-4f16933c3373
Socket ID: zBCPcxAP1zS54Ra5AAAJ
[SOCKET DEBUG] Attempting to send event 'member_registration:update' to Member: 43643359-0f59-4ea4-bb6d-e93505733d4a. Online users: 43643359-0f59-4ea4-bb6d-e93505733d4a, 84f975b8-ed21-4021-b1c6-4f16933c3373
[SOCKET DEBUG] Sending event 'member_registration:update' to Socket ID: Bqz5gymkp9u5PpICAAAD
[SOCKET DEBUG] Sending event 'member_registration:update' to Socket ID: jSQqtDhG3IFKivgFAAAF
[SOCKET DEBUG] Attempting to send event 'member_registration:update' to Member: 84f975b8-ed21-4021-b1c6-4f16933c3373. Online users: 43643359-0f59-4ea4-bb6d-e93505733d4a, 84f975b8-ed21-4021-b1c6-4f16933c3373
[SOCKET DEBUG] Sending event 'member_registration:update' to Socket ID: 4COZUiHZhSi6NoxBAAAH
[SOCKET DEBUG] Sending event 'member_registration:update' to Socket ID: zBCPcxAP1zS54Ra5AAAJ
[SOCKET DEBUG] Attempting to send event 'REGISTRATION_UPDATED' to Member: 43643359-0f59-4ea4-bb6d-e93505733d4a. Online users: 43643359-0f59-4ea4-bb6d-e93505733d4a, 84f975b8-ed21-4021-b1c6-4f16933c3373
[SOCKET DEBUG] Sending event 'REGISTRATION_UPDATED' to Socket ID: Bqz5gymkp9u5PpICAAAD
[SOCKET DEBUG] Sending event 'REGISTRATION_UPDATED' to Socket ID: jSQqtDhG3IFKivgFAAAF
[SOCKET DEBUG] Attempting to send event 'REGISTRATION_UPDATED' to Member: 84f975b8-ed21-4021-b1c6-4f16933c3373. Online users: 43643359-0f59-4ea4-bb6d-e93505733d4a, 84f975b8-ed21-4021-b1c6-4f16933c3373
[SOCKET DEBUG] Sending event 'REGISTRATION_UPDATED' to Socket ID: 4COZUiHZhSi6NoxBAAAH
[SOCKET DEBUG] Sending event 'REGISTRATION_UPDATED' to Socket ID: zBCPcxAP1zS54Ra5AAAJ
[SOCKET DEBUG] Attempting to send event 'notifications:update' to Member: 43643359-0f59-4ea4-bb6d-e93505733d4a. Online users: 43643359-0f59-4ea4-bb6d-e93505733d4a, 84f975b8-ed21-4021-b1c6-4f16933c3373
[SOCKET DEBUG] Sending event 'notifications:update' to Socket ID: Bqz5gymkp9u5PpICAAAD
[SOCKET DEBUG] Sending event 'notifications:update' to Socket ID: jSQqtDhG3IFKivgFAAAF
[SOCKET DEBUG] Attempting to send event 'notifications:update' to Member: b0024d1f-0605-47fe-891e-156ca72ddefc. Online users: 43643359-0f59-4ea4-bb6d-e93505733d4a, 84f975b8-ed21-4021-b1c6-4f16933c3373
[SOCKET DEBUG] Failed to send: Member b0024d1f-0605-47fe-891e-156ca72ddefc is NOT online.
--- SOCKET REGISTER ---
Member: 43643359-0f59-4ea4-bb6d-e93505733d4a
Socket ID: 3Ufyz1LG8ZIAxzAVAAAL
--- SOCKET REGISTER ---
Member: 43643359-0f59-4ea4-bb6d-e93505733d4a
Socket ID: eOh6YaDx1bhCYVtuAAAN
--- SOCKET REGISTER ---
Member: b0024d1f-0605-47fe-891e-156ca72ddefc
Socket ID: 0Hk94pS1i6fkxo8oAAAP
[SOCKET DEBUG] Attempting to send event 'registration:status_update' to Member: 5e714c26-43e6-44a0-8a1e-def3f3290190. Online users: 43643359-0f59-4ea4-bb6d-e93505733d4a, 84f975b8-ed21-4021-b1c6-4f16933c3373, b0024d1f-0605-47fe-891e-156ca72ddefc
[SOCKET DEBUG] Failed to send: Member 5e714c26-43e6-44a0-8a1e-def3f3290190 is NOT online.
[SOCKET DEBUG] Attempting to send event 'bills:update' to Member: 5e714c26-43e6-44a0-8a1e-def3f3290190. Online users: 43643359-0f59-4ea4-bb6d-e93505733d4a, 84f975b8-ed21-4021-b1c6-4f16933c3373, b0024d1f-0605-47fe-891e-156ca72ddefc
[SOCKET DEBUG] Failed to send: Member 5e714c26-43e6-44a0-8a1e-def3f3290190 is NOT online.
[SOCKET DEBUG] Attempting to send event 'member_registration:update' to Member: 5e714c26-43e6-44a0-8a1e-def3f3290190. Online users: 43643359-0f59-4ea4-bb6d-e93505733d4a, 84f975b8-ed21-4021-b1c6-4f16933c3373, b0024d1f-0605-47fe-891e-156ca72ddefc
[SOCKET DEBUG] Failed to send: Member 5e714c26-43e6-44a0-8a1e-def3f3290190 is NOT online.
[SOCKET DEBUG] Attempting to send event 'member_registration:update' to Member: b0024d1f-0605-47fe-891e-156ca72ddefc. Online users: 43643359-0f59-4ea4-bb6d-e93505733d4a, 84f975b8-ed21-4021-b1c6-4f16933c3373, b0024d1f-0605-47fe-891e-156ca72ddefc
[SOCKET DEBUG] Sending event 'member_registration:update' to Socket ID: 0Hk94pS1i6fkxo8oAAAP
[SOCKET DEBUG] Attempting to send event 'REGISTRATION_UPDATED' to Member: 5e714c26-43e6-44a0-8a1e-def3f3290190. Online users: 43643359-0f59-4ea4-bb6d-e93505733d4a, 84f975b8-ed21-4021-b1c6-4f16933c3373, b0024d1f-0605-47fe-891e-156ca72ddefc
[SOCKET DEBUG] Failed to send: Member 5e714c26-43e6-44a0-8a1e-def3f3290190 is NOT online.
[SOCKET DEBUG] Attempting to send event 'REGISTRATION_UPDATED' to Member: b0024d1f-0605-47fe-891e-156ca72ddefc. Online users: 43643359-0f59-4ea4-bb6d-e93505733d4a, 84f975b8-ed21-4021-b1c6-4f16933c3373, b0024d1f-0605-47fe-891e-156ca72ddefc
[SOCKET DEBUG] Sending event 'REGISTRATION_UPDATED' to Socket ID: 0Hk94pS1i6fkxo8oAAAP
[SOCKET DEBUG] Attempting to send event 'notifications:update' to Member: 5e714c26-43e6-44a0-8a1e-def3f3290190. Online users: 43643359-0f59-4ea4-bb6d-e93505733d4a, 84f975b8-ed21-4021-b1c6-4f16933c3373, b0024d1f-0605-47fe-891e-156ca72ddefc
[SOCKET DEBUG] Failed to send: Member 5e714c26-43e6-44a0-8a1e-def3f3290190 is NOT online.
[SOCKET DEBUG] Attempting to send event 'registration:status_update' to Member: 43643359-0f59-4ea4-bb6d-e93505733d4a. Online users: 43643359-0f59-4ea4-bb6d-e93505733d4a, 84f975b8-ed21-4021-b1c6-4f16933c3373, b0024d1f-0605-47fe-891e-156ca72ddefc
[SOCKET DEBUG] Sending event 'registration:status_update' to Socket ID: Bqz5gymkp9u5PpICAAAD
[SOCKET DEBUG] Sending event 'registration:status_update' to Socket ID: jSQqtDhG3IFKivgFAAAF
[SOCKET DEBUG] Sending event 'registration:status_update' to Socket ID: 3Ufyz1LG8ZIAxzAVAAAL
[SOCKET DEBUG] Sending event 'registration:status_update' to Socket ID: eOh6YaDx1bhCYVtuAAAN
[SOCKET DEBUG] Attempting to send event 'bills:update' to Member: 43643359-0f59-4ea4-bb6d-e93505733d4a. Online users: 43643359-0f59-4ea4-bb6d-e93505733d4a, 84f975b8-ed21-4021-b1c6-4f16933c3373, b0024d1f-0605-47fe-891e-156ca72ddefc
[SOCKET DEBUG] Sending event 'bills:update' to Socket ID: Bqz5gymkp9u5PpICAAAD
[SOCKET DEBUG] Sending event 'bills:update' to Socket ID: jSQqtDhG3IFKivgFAAAF
[SOCKET DEBUG] Sending event 'bills:update' to Socket ID: 3Ufyz1LG8ZIAxzAVAAAL
[SOCKET DEBUG] Sending event 'bills:update' to Socket ID: eOh6YaDx1bhCYVtuAAAN
[SOCKET DEBUG] Attempting to send event 'member_registration:update' to Member: 43643359-0f59-4ea4-bb6d-e93505733d4a. Online users: 43643359-0f59-4ea4-bb6d-e93505733d4a, 84f975b8-ed21-4021-b1c6-4f16933c3373, b0024d1f-0605-47fe-891e-156ca72ddefc
[SOCKET DEBUG] Sending event 'member_registration:update' to Socket ID: Bqz5gymkp9u5PpICAAAD
[SOCKET DEBUG] Sending event 'member_registration:update' to Socket ID: jSQqtDhG3IFKivgFAAAF
[SOCKET DEBUG] Sending event 'member_registration:update' to Socket ID: 3Ufyz1LG8ZIAxzAVAAAL
[SOCKET DEBUG] Sending event 'member_registration:update' to Socket ID: eOh6YaDx1bhCYVtuAAAN
[SOCKET DEBUG] Attempting to send event 'member_registration:update' to Member: b0024d1f-0605-47fe-891e-156ca72ddefc. Online users: 43643359-0f59-4ea4-bb6d-e93505733d4a, 84f975b8-ed21-4021-b1c6-4f16933c3373, b0024d1f-0605-47fe-891e-156ca72ddefc
[SOCKET DEBUG] Sending event 'member_registration:update' to Socket ID: 0Hk94pS1i6fkxo8oAAAP
[SOCKET DEBUG] Attempting to send event 'REGISTRATION_UPDATED' to Member: 43643359-0f59-4ea4-bb6d-e93505733d4a. Online users: 43643359-0f59-4ea4-bb6d-e93505733d4a, 84f975b8-ed21-4021-b1c6-4f16933c3373, b0024d1f-0605-47fe-891e-156ca72ddefc
[SOCKET DEBUG] Sending event 'REGISTRATION_UPDATED' to Socket ID: Bqz5gymkp9u5PpICAAAD
[SOCKET DEBUG] Sending event 'REGISTRATION_UPDATED' to Socket ID: jSQqtDhG3IFKivgFAAAF
[SOCKET DEBUG] Sending event 'REGISTRATION_UPDATED' to Socket ID: 3Ufyz1LG8ZIAxzAVAAAL
[SOCKET DEBUG] Sending event 'REGISTRATION_UPDATED' to Socket ID: eOh6YaDx1bhCYVtuAAAN
[SOCKET DEBUG] Attempting to send event 'REGISTRATION_UPDATED' to Member: b0024d1f-0605-47fe-891e-156ca72ddefc. Online users: 43643359-0f59-4ea4-bb6d-e93505733d4a, 84f975b8-ed21-4021-b1c6-4f16933c3373, b0024d1f-0605-47fe-891e-156ca72ddefc
[SOCKET DEBUG] Sending event 'REGISTRATION_UPDATED' to Socket ID: 0Hk94pS1i6fkxo8oAAAP
[SOCKET DEBUG] Attempting to send event 'notifications:update' to Member: 43643359-0f59-4ea4-bb6d-e93505733d4a. Online users: 43643359-0f59-4ea4-bb6d-e93505733d4a, 84f975b8-ed21-4021-b1c6-4f16933c3373, b0024d1f-0605-47fe-891e-156ca72ddefc
[SOCKET DEBUG] Sending event 'notifications:update' to Socket ID: Bqz5gymkp9u5PpICAAAD
[SOCKET DEBUG] Sending event 'notifications:update' to Socket ID: jSQqtDhG3IFKivgFAAAF
[SOCKET DEBUG] Sending event 'notifications:update' to Socket ID: 3Ufyz1LG8ZIAxzAVAAAL
[SOCKET DEBUG] Sending event 'notifications:update' to Socket ID: eOh6YaDx1bhCYVtuAAAN
--- SOCKET REGISTER ---
Member: 43643359-0f59-4ea4-bb6d-e93505733d4a
Socket ID: 1G7BFJv27xKM-pOpAAAR
--- SOCKET REGISTER ---
Member: 43643359-0f59-4ea4-bb6d-e93505733d4a
Socket ID: TPVJb8dIVYidPardAAAT
[SOCKET DEBUG] Attempting to send event 'new_notification' to Member: 43643359-0f59-4ea4-bb6d-e93505733d4a. Online users: 43643359-0f59-4ea4-bb6d-e93505733d4a, b0024d1f-0605-47fe-891e-156ca72ddefc
[SOCKET DEBUG] Sending event 'new_notification' to Socket ID: Bqz5gymkp9u5PpICAAAD
[SOCKET DEBUG] Sending event 'new_notification' to Socket ID: jSQqtDhG3IFKivgFAAAF
[SOCKET DEBUG] Sending event 'new_notification' to Socket ID: 3Ufyz1LG8ZIAxzAVAAAL
[SOCKET DEBUG] Sending event 'new_notification' to Socket ID: eOh6YaDx1bhCYVtuAAAN
[SOCKET DEBUG] Sending event 'new_notification' to Socket ID: 1G7BFJv27xKM-pOpAAAR
[SOCKET DEBUG] Sending event 'new_notification' to Socket ID: TPVJb8dIVYidPardAAAT
[SOCKET DEBUG] Attempting to send event 'notifications:update' to Member: 43643359-0f59-4ea4-bb6d-e93505733d4a. Online users: 43643359-0f59-4ea4-bb6d-e93505733d4a, b0024d1f-0605-47fe-891e-156ca72ddefc
[SOCKET DEBUG] Sending event 'notifications:update' to Socket ID: Bqz5gymkp9u5PpICAAAD
[SOCKET DEBUG] Sending event 'notifications:update' to Socket ID: jSQqtDhG3IFKivgFAAAF
[SOCKET DEBUG] Sending event 'notifications:update' to Socket ID: 3Ufyz1LG8ZIAxzAVAAAL
[SOCKET DEBUG] Sending event 'notifications:update' to Socket ID: eOh6YaDx1bhCYVtuAAAN
[SOCKET DEBUG] Sending event 'notifications:update' to Socket ID: 1G7BFJv27xKM-pOpAAAR
[SOCKET DEBUG] Sending event 'notifications:update' to Socket ID: TPVJb8dIVYidPardAAAT
[SOCKET DEBUG] Attempting to send event 'new_notification' to Member: 43643359-0f59-4ea4-bb6d-e93505733d4a. Online users: 43643359-0f59-4ea4-bb6d-e93505733d4a, b0024d1f-0605-47fe-891e-156ca72ddefc
[SOCKET DEBUG] Sending event 'new_notification' to Socket ID: 1G7BFJv27xKM-pOpAAAR
[SOCKET DEBUG] Sending event 'new_notification' to Socket ID: TPVJb8dIVYidPardAAAT
[SOCKET DEBUG] Attempting to send event 'notifications:update' to Member: 43643359-0f59-4ea4-bb6d-e93505733d4a. Online users: 43643359-0f59-4ea4-bb6d-e93505733d4a, b0024d1f-0605-47fe-891e-156ca72ddefc
[SOCKET DEBUG] Sending event 'notifications:update' to Socket ID: 1G7BFJv27xKM-pOpAAAR
[SOCKET DEBUG] Sending event 'notifications:update' to Socket ID: TPVJb8dIVYidPardAAAT
--- SOCKET REGISTER ---
Member: 43643359-0f59-4ea4-bb6d-e93505733d4a
Socket ID: GommHDa56xC6lSNeAAAV
--- SOCKET REGISTER ---
Member: 43643359-0f59-4ea4-bb6d-e93505733d4a
Socket ID: bXca3PJMmcBgwCG3AAAX
[SOCKET DEBUG] Attempting to send event 'notifications:update' to Member: df603033-5528-4dde-885f-407c1015e488. Online users: b0024d1f-0605-47fe-891e-156ca72ddefc, 43643359-0f59-4ea4-bb6d-e93505733d4a
[SOCKET DEBUG] Failed to send: Member df603033-5528-4dde-885f-407c1015e488 is NOT online.
[SOCKET DEBUG] Attempting to send event 'notifications:update' to Member: b0024d1f-0605-47fe-891e-156ca72ddefc. Online users: b0024d1f-0605-47fe-891e-156ca72ddefc, 43643359-0f59-4ea4-bb6d-e93505733d4a
[SOCKET DEBUG] Sending event 'notifications:update' to Socket ID: 0Hk94pS1i6fkxo8oAAAP
[SOCKET DEBUG] Attempting to send event 'notifications:update' to Member: 46b677e9-84bf-4bfa-b940-998d004882a1. Online users: b0024d1f-0605-47fe-891e-156ca72ddefc, 43643359-0f59-4ea4-bb6d-e93505733d4a
[SOCKET DEBUG] Failed to send: Member 46b677e9-84bf-4bfa-b940-998d004882a1 is NOT online.
[SOCKET DEBUG] Attempting to send event 'notifications:update' to Member: 84f975b8-ed21-4021-b1c6-4f16933c3373. Online users: b0024d1f-0605-47fe-891e-156ca72ddefc, 43643359-0f59-4ea4-bb6d-e93505733d4a
[SOCKET DEBUG] Failed to send: Member 84f975b8-ed21-4021-b1c6-4f16933c3373 is NOT online.
--- SOCKET REGISTER ---
Member: df603033-5528-4dde-885f-407c1015e488
Socket ID: 21SsuYHPTDwVV9BgAAAZ
[SOCKET DEBUG] Attempting to send event 'notifications:update' to Member: df603033-5528-4dde-885f-407c1015e488. Online users: b0024d1f-0605-47fe-891e-156ca72ddefc, df603033-5528-4dde-885f-407c1015e488
[SOCKET DEBUG] Sending event 'notifications:update' to Socket ID: 21SsuYHPTDwVV9BgAAAZ
[SOCKET DEBUG] Attempting to send event 'notifications:update' to Member: 84f975b8-ed21-4021-b1c6-4f16933c3373. Online users: b0024d1f-0605-47fe-891e-156ca72ddefc, df603033-5528-4dde-885f-407c1015e488
[SOCKET DEBUG] Failed to send: Member 84f975b8-ed21-4021-b1c6-4f16933c3373 is NOT online.
[SOCKET DEBUG] Attempting to send event 'notifications:update' to Member: b0024d1f-0605-47fe-891e-156ca72ddefc. Online users: b0024d1f-0605-47fe-891e-156ca72ddefc, df603033-5528-4dde-885f-407c1015e488
[SOCKET DEBUG] Sending event 'notifications:update' to Socket ID: 0Hk94pS1i6fkxo8oAAAP
[SOCKET DEBUG] Attempting to send event 'notifications:update' to Member: 46b677e9-84bf-4bfa-b940-998d004882a1. Online users: b0024d1f-0605-47fe-891e-156ca72ddefc, df603033-5528-4dde-885f-407c1015e488
[SOCKET DEBUG] Failed to send: Member 46b677e9-84bf-4bfa-b940-998d004882a1 is NOT online.
--- SOCKET REGISTER ---
Member: df603033-5528-4dde-885f-407c1015e488
Socket ID: Ayet1Xge0BT3hJRLAAAb
--- SOCKET REGISTER ---
Member: df603033-5528-4dde-885f-407c1015e488
Socket ID: QDf7kgAQy2VRRu9kAAAd
--- SOCKET REGISTER ---
Member: df603033-5528-4dde-885f-407c1015e488
Socket ID: _PwtK_NUKXl6f7ffAAAf
--- SOCKET REGISTER ---
Member: df603033-5528-4dde-885f-407c1015e488
Socket ID: qZy_g38OLJFLiTTlAAAh
--- SOCKET REGISTER ---
Member: df603033-5528-4dde-885f-407c1015e488
Socket ID: 3IAud79fEeSXAnSfAAAj
--- SOCKET REGISTER ---
Member: df603033-5528-4dde-885f-407c1015e488
Socket ID: T0Trhy46QbaHglf3AAAl
--- SOCKET REGISTER ---
Member: df603033-5528-4dde-885f-407c1015e488
Socket ID: U1jx8eUwhMNyzuBUAAAB
--- SOCKET REGISTER ---
Member: b0024d1f-0605-47fe-891e-156ca72ddefc
Socket ID: yznxycEbJuBrWjtNAAAD
--- SOCKET REGISTER ---
Member: df603033-5528-4dde-885f-407c1015e488
Socket ID: ZfU5_QtnsjPBoZumAAAH
--- SOCKET REGISTER ---
Member: df603033-5528-4dde-885f-407c1015e488
Socket ID: v3R0Rmf7Rh5ekZBiAAAJ
--- SOCKET REGISTER ---
Member: df603033-5528-4dde-885f-407c1015e488
Socket ID: AFR1ZDhuQB5qGw7GAAAL
--- SOCKET REGISTER ---
Member: df603033-5528-4dde-885f-407c1015e488
Socket ID: L2NLZ-HKWONjUUW1AAAN
--- SOCKET REGISTER ---
Member: df603033-5528-4dde-885f-407c1015e488
Socket ID: bf1coFGvRvOe0QM_AAAP
--- SOCKET REGISTER ---
Member: df603033-5528-4dde-885f-407c1015e488
Socket ID: DzJppBk8a6pXztPTAAAR
--- SOCKET REGISTER ---
Member: b0024d1f-0605-47fe-891e-156ca72ddefc
Socket ID: ZpxKl1Zoe0engZ57AAAT
--- SOCKET REGISTER ---
Member: df603033-5528-4dde-885f-407c1015e488
Socket ID: Y5S3AvaXnEv7MR_LAAAV
--- SOCKET REGISTER ---
Member: df603033-5528-4dde-885f-407c1015e488
Socket ID: 982SomS8TgztxddNAAAX
--- SOCKET REGISTER ---
Member: 84f975b8-ed21-4021-b1c6-4f16933c3373
Socket ID: DS_DhTnr9Zb6uaCUAAAZ
[SOCKET DEBUG] Attempting to send event 'member_registration:update' to Member: df603033-5528-4dde-885f-407c1015e488. Online users: b0024d1f-0605-47fe-891e-156ca72ddefc, df603033-5528-4dde-885f-407c1015e488, 84f975b8-ed21-4021-b1c6-4f16933c3373
[SOCKET DEBUG] Sending event 'member_registration:update' to Socket ID: Y5S3AvaXnEv7MR_LAAAV
[SOCKET DEBUG] Sending event 'member_registration:update' to Socket ID: 982SomS8TgztxddNAAAX
[SOCKET DEBUG] Attempting to send event 'member_registration:update' to Member: 84f975b8-ed21-4021-b1c6-4f16933c3373. Online users: b0024d1f-0605-47fe-891e-156ca72ddefc, df603033-5528-4dde-885f-407c1015e488, 84f975b8-ed21-4021-b1c6-4f16933c3373
[SOCKET DEBUG] Sending event 'member_registration:update' to Socket ID: DS_DhTnr9Zb6uaCUAAAZ
[SOCKET DEBUG] Attempting to send event 'REGISTRATION_UPDATED' to Member: df603033-5528-4dde-885f-407c1015e488. Online users: b0024d1f-0605-47fe-891e-156ca72ddefc, df603033-5528-4dde-885f-407c1015e488, 84f975b8-ed21-4021-b1c6-4f16933c3373
[SOCKET DEBUG] Sending event 'REGISTRATION_UPDATED' to Socket ID: Y5S3AvaXnEv7MR_LAAAV
[SOCKET DEBUG] Sending event 'REGISTRATION_UPDATED' to Socket ID: 982SomS8TgztxddNAAAX
[SOCKET DEBUG] Attempting to send event 'REGISTRATION_UPDATED' to Member: 84f975b8-ed21-4021-b1c6-4f16933c3373. Online users: b0024d1f-0605-47fe-891e-156ca72ddefc, df603033-5528-4dde-885f-407c1015e488, 84f975b8-ed21-4021-b1c6-4f16933c3373
[SOCKET DEBUG] Sending event 'REGISTRATION_UPDATED' to Socket ID: DS_DhTnr9Zb6uaCUAAAZ
[SOCKET DEBUG] Attempting to send event 'notifications:update' to Member: df603033-5528-4dde-885f-407c1015e488. Online users: b0024d1f-0605-47fe-891e-156ca72ddefc, df603033-5528-4dde-885f-407c1015e488, 84f975b8-ed21-4021-b1c6-4f16933c3373
[SOCKET DEBUG] Sending event 'notifications:update' to Socket ID: Y5S3AvaXnEv7MR_LAAAV
[SOCKET DEBUG] Sending event 'notifications:update' to Socket ID: 982SomS8TgztxddNAAAX
[SOCKET DEBUG] Attempting to send event 'notifications:update' to Member: b0024d1f-0605-47fe-891e-156ca72ddefc. Online users: b0024d1f-0605-47fe-891e-156ca72ddefc, df603033-5528-4dde-885f-407c1015e488, 84f975b8-ed21-4021-b1c6-4f16933c3373
[SOCKET DEBUG] Sending event 'notifications:update' to Socket ID: yznxycEbJuBrWjtNAAAD
--- SOCKET REGISTER ---
Member: 46b677e9-84bf-4bfa-b940-998d004882a1
Socket ID: 3OfnZlditwgidNCoAAAb
--- SOCKET REGISTER ---
Member: b0024d1f-0605-47fe-891e-156ca72ddefc
Socket ID: IZYrEJ-tF0amtdgLAAAd
[SOCKET DEBUG] Attempting to send event 'registration:status_update' to Member: df603033-5528-4dde-885f-407c1015e488. Online users: df603033-5528-4dde-885f-407c1015e488, b0024d1f-0605-47fe-891e-156ca72ddefc
[SOCKET DEBUG] Sending event 'registration:status_update' to Socket ID: Y5S3AvaXnEv7MR_LAAAV
[SOCKET DEBUG] Sending event 'registration:status_update' to Socket ID: 982SomS8TgztxddNAAAX
[SOCKET DEBUG] Attempting to send event 'bills:update' to Member: df603033-5528-4dde-885f-407c1015e488. Online users: df603033-5528-4dde-885f-407c1015e488, b0024d1f-0605-47fe-891e-156ca72ddefc
[SOCKET DEBUG] Sending event 'bills:update' to Socket ID: Y5S3AvaXnEv7MR_LAAAV
[SOCKET DEBUG] Sending event 'bills:update' to Socket ID: 982SomS8TgztxddNAAAX
[SOCKET DEBUG] Attempting to send event 'member_registration:update' to Member: df603033-5528-4dde-885f-407c1015e488. Online users: df603033-5528-4dde-885f-407c1015e488, b0024d1f-0605-47fe-891e-156ca72ddefc
[SOCKET DEBUG] Sending event 'member_registration:update' to Socket ID: Y5S3AvaXnEv7MR_LAAAV
[SOCKET DEBUG] Sending event 'member_registration:update' to Socket ID: 982SomS8TgztxddNAAAX
[SOCKET DEBUG] Attempting to send event 'member_registration:update' to Member: b0024d1f-0605-47fe-891e-156ca72ddefc. Online users: df603033-5528-4dde-885f-407c1015e488, b0024d1f-0605-47fe-891e-156ca72ddefc
[SOCKET DEBUG] Sending event 'member_registration:update' to Socket ID: IZYrEJ-tF0amtdgLAAAd
[SOCKET DEBUG] Attempting to send event 'REGISTRATION_UPDATED' to Member: df603033-5528-4dde-885f-407c1015e488. Online users: df603033-5528-4dde-885f-407c1015e488, b0024d1f-0605-47fe-891e-156ca72ddefc
[SOCKET DEBUG] Sending event 'REGISTRATION_UPDATED' to Socket ID: Y5S3AvaXnEv7MR_LAAAV
[SOCKET DEBUG] Sending event 'REGISTRATION_UPDATED' to Socket ID: 982SomS8TgztxddNAAAX
[SOCKET DEBUG] Attempting to send event 'REGISTRATION_UPDATED' to Member: b0024d1f-0605-47fe-891e-156ca72ddefc. Online users: df603033-5528-4dde-885f-407c1015e488, b0024d1f-0605-47fe-891e-156ca72ddefc
[SOCKET DEBUG] Sending event 'REGISTRATION_UPDATED' to Socket ID: IZYrEJ-tF0amtdgLAAAd
[SOCKET DEBUG] Attempting to send event 'notifications:update' to Member: df603033-5528-4dde-885f-407c1015e488. Online users: df603033-5528-4dde-885f-407c1015e488, b0024d1f-0605-47fe-891e-156ca72ddefc
[SOCKET DEBUG] Sending event 'notifications:update' to Socket ID: Y5S3AvaXnEv7MR_LAAAV
[SOCKET DEBUG] Sending event 'notifications:update' to Socket ID: 982SomS8TgztxddNAAAX
--- SOCKET REGISTER ---
Member: 84f975b8-ed21-4021-b1c6-4f16933c3373
Socket ID: tzSukKbnsS2oZx9iAAAf
--- SOCKET REGISTER ---
Member: 46b677e9-84bf-4bfa-b940-998d004882a1
Socket ID: ee0EAq5z5b4mDe8oAAAh
--- SOCKET REGISTER ---
Member: e2e9a4aa-d37b-444b-8b42-8da3159e986b
Socket ID: q5UYxnCF8yEiR4xPAAAj
--- SOCKET REGISTER ---
Member: e2e9a4aa-d37b-444b-8b42-8da3159e986b
Socket ID: 8iWYS-PtvbdnjfqZAAAl
--- SOCKET REGISTER ---
Member: 5e714c26-43e6-44a0-8a1e-def3f3290190
Socket ID: i7bsiK2k6vgGaFMjAAAq
--- SOCKET REGISTER ---
Member: b0024d1f-0605-47fe-891e-156ca72ddefc
Socket ID: 2N5sIc99OCTDG_zVAAAy
--- SOCKET REGISTER ---
Member: b0024d1f-0605-47fe-891e-156ca72ddefc
Socket ID: eeGYfHdRqU8CfrNvAAA0
--- SOCKET REGISTER ---
Member: df603033-5528-4dde-885f-407c1015e488
Socket ID: 26CW-zo_MCbklUwFAAA2
--- SOCKET REGISTER ---
Member: df603033-5528-4dde-885f-407c1015e488
Socket ID: TQ_q91WqZvAqcsD9AAA4
[SOCKET DEBUG] Attempting to send event 'notifications:update' to Member: 4c61332f-0d6f-4155-84e8-6ac24c64b783. Online users: b0024d1f-0605-47fe-891e-156ca72ddefc, df603033-5528-4dde-885f-407c1015e488
[SOCKET DEBUG] Failed to send: Member 4c61332f-0d6f-4155-84e8-6ac24c64b783 is NOT online.
[SOCKET DEBUG] Attempting to send event 'notifications:update' to Member: 46b677e9-84bf-4bfa-b940-998d004882a1. Online users: b0024d1f-0605-47fe-891e-156ca72ddefc, df603033-5528-4dde-885f-407c1015e488
[SOCKET DEBUG] Failed to send: Member 46b677e9-84bf-4bfa-b940-998d004882a1 is NOT online.
[SOCKET DEBUG] Attempting to send event 'notifications:update' to Member: b0024d1f-0605-47fe-891e-156ca72ddefc. Online users: b0024d1f-0605-47fe-891e-156ca72ddefc, df603033-5528-4dde-885f-407c1015e488
[SOCKET DEBUG] Sending event 'notifications:update' to Socket ID: eeGYfHdRqU8CfrNvAAA0
[SOCKET DEBUG] Attempting to send event 'notifications:update' to Member: 84f975b8-ed21-4021-b1c6-4f16933c3373. Online users: b0024d1f-0605-47fe-891e-156ca72ddefc, df603033-5528-4dde-885f-407c1015e488
[SOCKET DEBUG] Failed to send: Member 84f975b8-ed21-4021-b1c6-4f16933c3373 is NOT online.
--- SOCKET REGISTER ---
Member: df603033-5528-4dde-885f-407c1015e488
Socket ID: IfixB02X8G41cj7AAAA8
--- SOCKET REGISTER ---
Member: 4c61332f-0d6f-4155-84e8-6ac24c64b783
Socket ID: RJjH9iKpmgPUX3z2AAA-
--- SOCKET REGISTER ---
Member: 0a7fd51a-6494-4202-89b6-94641b105fbb
Socket ID: B2Drq9KnMQpsxXEeAABA
[SOCKET DEBUG] Attempting to send event 'notifications:update' to Member: 4c61332f-0d6f-4155-84e8-6ac24c64b783. Online users: b0024d1f-0605-47fe-891e-156ca72ddefc, 4c61332f-0d6f-4155-84e8-6ac24c64b783, 0a7fd51a-6494-4202-89b6-94641b105fbb
[SOCKET DEBUG] Sending event 'notifications:update' to Socket ID: RJjH9iKpmgPUX3z2AAA-
[SOCKET DEBUG] Attempting to send event 'notifications:update' to Member: 84f975b8-ed21-4021-b1c6-4f16933c3373. Online users: b0024d1f-0605-47fe-891e-156ca72ddefc, 4c61332f-0d6f-4155-84e8-6ac24c64b783, 0a7fd51a-6494-4202-89b6-94641b105fbb
[SOCKET DEBUG] Failed to send: Member 84f975b8-ed21-4021-b1c6-4f16933c3373 is NOT online.
[SOCKET DEBUG] Attempting to send event 'notifications:update' to Member: b0024d1f-0605-47fe-891e-156ca72ddefc. Online users: b0024d1f-0605-47fe-891e-156ca72ddefc, 4c61332f-0d6f-4155-84e8-6ac24c64b783, 0a7fd51a-6494-4202-89b6-94641b105fbb
[SOCKET DEBUG] Sending event 'notifications:update' to Socket ID: eeGYfHdRqU8CfrNvAAA0
[SOCKET DEBUG] Attempting to send event 'notifications:update' to Member: 46b677e9-84bf-4bfa-b940-998d004882a1. Online users: b0024d1f-0605-47fe-891e-156ca72ddefc, 4c61332f-0d6f-4155-84e8-6ac24c64b783, 0a7fd51a-6494-4202-89b6-94641b105fbb
[SOCKET DEBUG] Failed to send: Member 46b677e9-84bf-4bfa-b940-998d004882a1 is NOT online.
--- SOCKET REGISTER ---
Member: b0024d1f-0605-47fe-891e-156ca72ddefc
Socket ID: CNFlu3hHZxd9DCbeAABC
--- SOCKET REGISTER ---
Member: 84f975b8-ed21-4021-b1c6-4f16933c3373
Socket ID: 1aZ0HhtE092vmssNAABE
[SOCKET DEBUG] Attempting to send event 'member_registration:update' to Member: 4c61332f-0d6f-4155-84e8-6ac24c64b783. Online users: 0a7fd51a-6494-4202-89b6-94641b105fbb, 84f975b8-ed21-4021-b1c6-4f16933c3373
[SOCKET DEBUG] Failed to send: Member 4c61332f-0d6f-4155-84e8-6ac24c64b783 is NOT online.
[SOCKET DEBUG] Attempting to send event 'member_registration:update' to Member: 84f975b8-ed21-4021-b1c6-4f16933c3373. Online users: 0a7fd51a-6494-4202-89b6-94641b105fbb, 84f975b8-ed21-4021-b1c6-4f16933c3373
[SOCKET DEBUG] Sending event 'member_registration:update' to Socket ID: 1aZ0HhtE092vmssNAABE
[SOCKET DEBUG] Attempting to send event 'REGISTRATION_UPDATED' to Member: 4c61332f-0d6f-4155-84e8-6ac24c64b783. Online users: 0a7fd51a-6494-4202-89b6-94641b105fbb, 84f975b8-ed21-4021-b1c6-4f16933c3373
[SOCKET DEBUG] Failed to send: Member 4c61332f-0d6f-4155-84e8-6ac24c64b783 is NOT online.
[SOCKET DEBUG] Attempting to send event 'REGISTRATION_UPDATED' to Member: 84f975b8-ed21-4021-b1c6-4f16933c3373. Online users: 0a7fd51a-6494-4202-89b6-94641b105fbb, 84f975b8-ed21-4021-b1c6-4f16933c3373
[SOCKET DEBUG] Sending event 'REGISTRATION_UPDATED' to Socket ID: 1aZ0HhtE092vmssNAABE
[SOCKET DEBUG] Attempting to send event 'notifications:update' to Member: 4c61332f-0d6f-4155-84e8-6ac24c64b783. Online users: 0a7fd51a-6494-4202-89b6-94641b105fbb, 84f975b8-ed21-4021-b1c6-4f16933c3373
[SOCKET DEBUG] Failed to send: Member 4c61332f-0d6f-4155-84e8-6ac24c64b783 is NOT online.
[SOCKET DEBUG] Attempting to send event 'notifications:update' to Member: b0024d1f-0605-47fe-891e-156ca72ddefc. Online users: 0a7fd51a-6494-4202-89b6-94641b105fbb, 84f975b8-ed21-4021-b1c6-4f16933c3373
[SOCKET DEBUG] Failed to send: Member b0024d1f-0605-47fe-891e-156ca72ddefc is NOT online.
--- SOCKET REGISTER ---
Member: b0024d1f-0605-47fe-891e-156ca72ddefc
Socket ID: OVWkYZOQC4wDaKgJAABG
--- SOCKET REGISTER ---
Member: 4c61332f-0d6f-4155-84e8-6ac24c64b783
Socket ID: _49LApC1DhNq0AooAABI
--- SOCKET REGISTER ---
Member: 4c61332f-0d6f-4155-84e8-6ac24c64b783
Socket ID: D_kgNm2z_2UyN-LhAABK
[SOCKET DEBUG] Attempting to send event 'registration:status_update' to Member: 4c61332f-0d6f-4155-84e8-6ac24c64b783. Online users: 0a7fd51a-6494-4202-89b6-94641b105fbb, b0024d1f-0605-47fe-891e-156ca72ddefc, 4c61332f-0d6f-4155-84e8-6ac24c64b783
[SOCKET DEBUG] Sending event 'registration:status_update' to Socket ID: _49LApC1DhNq0AooAABI
[SOCKET DEBUG] Sending event 'registration:status_update' to Socket ID: D_kgNm2z_2UyN-LhAABK
[SOCKET DEBUG] Attempting to send event 'bills:update' to Member: 4c61332f-0d6f-4155-84e8-6ac24c64b783. Online users: 0a7fd51a-6494-4202-89b6-94641b105fbb, b0024d1f-0605-47fe-891e-156ca72ddefc, 4c61332f-0d6f-4155-84e8-6ac24c64b783
[SOCKET DEBUG] Sending event 'bills:update' to Socket ID: _49LApC1DhNq0AooAABI
[SOCKET DEBUG] Sending event 'bills:update' to Socket ID: D_kgNm2z_2UyN-LhAABK
[SOCKET DEBUG] Attempting to send event 'member_registration:update' to Member: 4c61332f-0d6f-4155-84e8-6ac24c64b783. Online users: 0a7fd51a-6494-4202-89b6-94641b105fbb, b0024d1f-0605-47fe-891e-156ca72ddefc, 4c61332f-0d6f-4155-84e8-6ac24c64b783
[SOCKET DEBUG] Sending event 'member_registration:update' to Socket ID: _49LApC1DhNq0AooAABI
[SOCKET DEBUG] Sending event 'member_registration:update' to Socket ID: D_kgNm2z_2UyN-LhAABK
[SOCKET DEBUG] Attempting to send event 'member_registration:update' to Member: b0024d1f-0605-47fe-891e-156ca72ddefc. Online users: 0a7fd51a-6494-4202-89b6-94641b105fbb, b0024d1f-0605-47fe-891e-156ca72ddefc, 4c61332f-0d6f-4155-84e8-6ac24c64b783
[SOCKET DEBUG] Sending event 'member_registration:update' to Socket ID: OVWkYZOQC4wDaKgJAABG
[SOCKET DEBUG] Attempting to send event 'REGISTRATION_UPDATED' to Member: 4c61332f-0d6f-4155-84e8-6ac24c64b783. Online users: 0a7fd51a-6494-4202-89b6-94641b105fbb, b0024d1f-0605-47fe-891e-156ca72ddefc, 4c61332f-0d6f-4155-84e8-6ac24c64b783
[SOCKET DEBUG] Sending event 'REGISTRATION_UPDATED' to Socket ID: _49LApC1DhNq0AooAABI
[SOCKET DEBUG] Sending event 'REGISTRATION_UPDATED' to Socket ID: D_kgNm2z_2UyN-LhAABK
[SOCKET DEBUG] Attempting to send event 'REGISTRATION_UPDATED' to Member: b0024d1f-0605-47fe-891e-156ca72ddefc. Online users: 0a7fd51a-6494-4202-89b6-94641b105fbb, b0024d1f-0605-47fe-891e-156ca72ddefc, 4c61332f-0d6f-4155-84e8-6ac24c64b783
[SOCKET DEBUG] Sending event 'REGISTRATION_UPDATED' to Socket ID: OVWkYZOQC4wDaKgJAABG
[SOCKET DEBUG] Attempting to send event 'notifications:update' to Member: 4c61332f-0d6f-4155-84e8-6ac24c64b783. Online users: 0a7fd51a-6494-4202-89b6-94641b105fbb, b0024d1f-0605-47fe-891e-156ca72ddefc, 4c61332f-0d6f-4155-84e8-6ac24c64b783
[SOCKET DEBUG] Sending event 'notifications:update' to Socket ID: _49LApC1DhNq0AooAABI
[SOCKET DEBUG] Sending event 'notifications:update' to Socket ID: D_kgNm2z_2UyN-LhAABK
--- SOCKET REGISTER ---
Member: 46b677e9-84bf-4bfa-b940-998d004882a1
Socket ID: cPKnM0tHFTcwHgtzAAB3
--- SOCKET REGISTER ---
Member: 46b677e9-84bf-4bfa-b940-998d004882a1
Socket ID: ztZR4gd0b69spiFcAACF
[SOCKET DEBUG] Attempting to send event 'new_notification' to Member: 4c61332f-0d6f-4155-84e8-6ac24c64b783. Online users: 0a7fd51a-6494-4202-89b6-94641b105fbb, b0024d1f-0605-47fe-891e-156ca72ddefc, 46b677e9-84bf-4bfa-b940-998d004882a1
[SOCKET DEBUG] Failed to send: Member 4c61332f-0d6f-4155-84e8-6ac24c64b783 is NOT online.
[SOCKET DEBUG] Attempting to send event 'notifications:update' to Member: 4c61332f-0d6f-4155-84e8-6ac24c64b783. Online users: b0024d1f-0605-47fe-891e-156ca72ddefc, 46b677e9-84bf-4bfa-b940-998d004882a1
[SOCKET DEBUG] Failed to send: Member 4c61332f-0d6f-4155-84e8-6ac24c64b783 is NOT online.
--- SOCKET REGISTER ---
Member: 4c61332f-0d6f-4155-84e8-6ac24c64b783
Socket ID: KcBg_8luwkIfTP2_AADv
--- SOCKET REGISTER ---
Member: 4c61332f-0d6f-4155-84e8-6ac24c64b783
Socket ID: Ps5PaBhMs_QjAhORAAD4
--- SOCKET REGISTER ---
Member: 4c61332f-0d6f-4155-84e8-6ac24c64b783
Socket ID: VBq1613PRcBAImc8AAD8
--- SOCKET REGISTER ---
Member: 4c61332f-0d6f-4155-84e8-6ac24c64b783
Socket ID: U9s8iin_9BHaqedDAAD-
--- SOCKET REGISTER ---
Member: 4c61332f-0d6f-4155-84e8-6ac24c64b783
Socket ID: Ocqc0CZFCD9ayV9iAAEI
--- SOCKET REGISTER ---
Member: 4c61332f-0d6f-4155-84e8-6ac24c64b783
Socket ID: bE8wT8vA0zd_tjuZAAEJ
--- SOCKET REGISTER ---
Member: d7570642-5cd5-4403-8085-66bb3927b76b
Socket ID: xvN-kbrLzudKFMvFAAFA
--- SOCKET REGISTER ---
Member: d7570642-5cd5-4403-8085-66bb3927b76b
Socket ID: TdDWA7CE8SEH7-DUAAFC
--- SOCKET REGISTER ---
Member: 4c61332f-0d6f-4155-84e8-6ac24c64b783
Socket ID: SY_x3UpRcSrf4xXZAAFf
--- SOCKET REGISTER ---
Member: 4c61332f-0d6f-4155-84e8-6ac24c64b783
Socket ID: xYgX-y1I1Dc9cP3eAAHc
--- SOCKET REGISTER ---
Member: 4c61332f-0d6f-4155-84e8-6ac24c64b783
Socket ID: WWmNoZ8Ua9hR-EDVAAJF
--- SOCKET REGISTER ---
Member: 4c61332f-0d6f-4155-84e8-6ac24c64b783
Socket ID: B9L9zD_iLPiq9PhgAAJG
--- SOCKET REGISTER ---
Member: 4c61332f-0d6f-4155-84e8-6ac24c64b783
Socket ID: zB6tb6rsnifpTq9KAAJU
--- SOCKET REGISTER ---
Member: b0024d1f-0605-47fe-891e-156ca72ddefc
Socket ID: WUImP-I_yhx6TqQgAAK3
--- SOCKET REGISTER ---
Member: 84f975b8-ed21-4021-b1c6-4f16933c3373
Socket ID: x3cXgDSZqZcl1BScAAK_
[SOCKET DEBUG] Attempting to send event 'new_notification' to Member: 4c61332f-0d6f-4155-84e8-6ac24c64b783. Online users: 4c61332f-0d6f-4155-84e8-6ac24c64b783, 84f975b8-ed21-4021-b1c6-4f16933c3373
[SOCKET DEBUG] Sending event 'new_notification' to Socket ID: zB6tb6rsnifpTq9KAAJU
[SOCKET DEBUG] Attempting to send event 'notifications:update' to Member: 4c61332f-0d6f-4155-84e8-6ac24c64b783. Online users: 4c61332f-0d6f-4155-84e8-6ac24c64b783, 84f975b8-ed21-4021-b1c6-4f16933c3373
[SOCKET DEBUG] Sending event 'notifications:update' to Socket ID: zB6tb6rsnifpTq9KAAJU
[SOCKET DEBUG] Attempting to send event 'notifications:update' to Member: 4c61332f-0d6f-4155-84e8-6ac24c64b783. Online users: 4c61332f-0d6f-4155-84e8-6ac24c64b783, 84f975b8-ed21-4021-b1c6-4f16933c3373
[SOCKET DEBUG] Sending event 'notifications:update' to Socket ID: zB6tb6rsnifpTq9KAAJU
[SOCKET DEBUG] Attempting to send event 'financing_applications:update' to Member: 4c61332f-0d6f-4155-84e8-6ac24c64b783. Online users: 4c61332f-0d6f-4155-84e8-6ac24c64b783, 84f975b8-ed21-4021-b1c6-4f16933c3373
[SOCKET DEBUG] Sending event 'financing_applications:update' to Socket ID: zB6tb6rsnifpTq9KAAJU
[SOCKET DEBUG] Attempting to send event 'financing_applications:update' to Member: 84f975b8-ed21-4021-b1c6-4f16933c3373. Online users: 4c61332f-0d6f-4155-84e8-6ac24c64b783, 84f975b8-ed21-4021-b1c6-4f16933c3373
[SOCKET DEBUG] Sending event 'financing_applications:update' to Socket ID: x3cXgDSZqZcl1BScAAK_
[SOCKET DEBUG] Attempting to send event 'FINANCING_APPLICATIONS_UPDATED' to Member: 4c61332f-0d6f-4155-84e8-6ac24c64b783. Online users: 4c61332f-0d6f-4155-84e8-6ac24c64b783, 84f975b8-ed21-4021-b1c6-4f16933c3373
[SOCKET DEBUG] Sending event 'FINANCING_APPLICATIONS_UPDATED' to Socket ID: zB6tb6rsnifpTq9KAAJU
[SOCKET DEBUG] Attempting to send event 'FINANCING_APPLICATIONS_UPDATED' to Member: 84f975b8-ed21-4021-b1c6-4f16933c3373. Online users: 4c61332f-0d6f-4155-84e8-6ac24c64b783, 84f975b8-ed21-4021-b1c6-4f16933c3373
[SOCKET DEBUG] Sending event 'FINANCING_APPLICATIONS_UPDATED' to Socket ID: x3cXgDSZqZcl1BScAAK_
[SOCKET DEBUG] Attempting to send event 'notifications:update' to Member: 4c61332f-0d6f-4155-84e8-6ac24c64b783. Online users: 4c61332f-0d6f-4155-84e8-6ac24c64b783, 84f975b8-ed21-4021-b1c6-4f16933c3373
[SOCKET DEBUG] Sending event 'notifications:update' to Socket ID: zB6tb6rsnifpTq9KAAJU
[SOCKET DEBUG] Attempting to send event 'notifications:update' to Member: b0024d1f-0605-47fe-891e-156ca72ddefc. Online users: 4c61332f-0d6f-4155-84e8-6ac24c64b783, 84f975b8-ed21-4021-b1c6-4f16933c3373
[SOCKET DEBUG] Failed to send: Member b0024d1f-0605-47fe-891e-156ca72ddefc is NOT online.
--- SOCKET REGISTER ---
Member: 84f975b8-ed21-4021-b1c6-4f16933c3373
Socket ID: juzkZoPSIFqpLneIAAOC
--- SOCKET REGISTER ---
Member: b0024d1f-0605-47fe-891e-156ca72ddefc
Socket ID: L9_sXf43cQiGqq7_AAOI
[SOCKET DEBUG] Attempting to send event 'financing_applications:update' to Member: 4c61332f-0d6f-4155-84e8-6ac24c64b783. Online users: 4c61332f-0d6f-4155-84e8-6ac24c64b783, 84f975b8-ed21-4021-b1c6-4f16933c3373, b0024d1f-0605-47fe-891e-156ca72ddefc
[SOCKET DEBUG] Sending event 'financing_applications:update' to Socket ID: zB6tb6rsnifpTq9KAAJU
[SOCKET DEBUG] Attempting to send event 'financing_applications:update' to Member: b0024d1f-0605-47fe-891e-156ca72ddefc. Online users: 4c61332f-0d6f-4155-84e8-6ac24c64b783, 84f975b8-ed21-4021-b1c6-4f16933c3373, b0024d1f-0605-47fe-891e-156ca72ddefc
[SOCKET DEBUG] Sending event 'financing_applications:update' to Socket ID: L9_sXf43cQiGqq7_AAOI
[SOCKET DEBUG] Attempting to send event 'FINANCING_APPLICATIONS_UPDATED' to Member: 4c61332f-0d6f-4155-84e8-6ac24c64b783. Online users: 4c61332f-0d6f-4155-84e8-6ac24c64b783, 84f975b8-ed21-4021-b1c6-4f16933c3373, b0024d1f-0605-47fe-891e-156ca72ddefc
[SOCKET DEBUG] Sending event 'FINANCING_APPLICATIONS_UPDATED' to Socket ID: zB6tb6rsnifpTq9KAAJU
[SOCKET DEBUG] Attempting to send event 'FINANCING_APPLICATIONS_UPDATED' to Member: b0024d1f-0605-47fe-891e-156ca72ddefc. Online users: 4c61332f-0d6f-4155-84e8-6ac24c64b783, 84f975b8-ed21-4021-b1c6-4f16933c3373, b0024d1f-0605-47fe-891e-156ca72ddefc
[SOCKET DEBUG] Sending event 'FINANCING_APPLICATIONS_UPDATED' to Socket ID: L9_sXf43cQiGqq7_AAOI
[SOCKET DEBUG] Attempting to send event 'notifications:update' to Member: 4c61332f-0d6f-4155-84e8-6ac24c64b783. Online users: 4c61332f-0d6f-4155-84e8-6ac24c64b783, 84f975b8-ed21-4021-b1c6-4f16933c3373, b0024d1f-0605-47fe-891e-156ca72ddefc
[SOCKET DEBUG] Sending event 'notifications:update' to Socket ID: zB6tb6rsnifpTq9KAAJU
[SOCKET DEBUG] Attempting to send event 'notifications:update' to Member: 46b677e9-84bf-4bfa-b940-998d004882a1. Online users: 4c61332f-0d6f-4155-84e8-6ac24c64b783, 84f975b8-ed21-4021-b1c6-4f16933c3373, b0024d1f-0605-47fe-891e-156ca72ddefc
[SOCKET DEBUG] Failed to send: Member 46b677e9-84bf-4bfa-b940-998d004882a1 is NOT online.
--- SOCKET REGISTER ---
Member: b0024d1f-0605-47fe-891e-156ca72ddefc
Socket ID: ls5Lku-PpV1SlIQGAAOO
--- SOCKET REGISTER ---
Member: 46b677e9-84bf-4bfa-b940-998d004882a1
Socket ID: rcV872RWWNmFSLGXAAOT
[SOCKET DEBUG] Attempting to send event 'bills:update' to Member: 4c61332f-0d6f-4155-84e8-6ac24c64b783. Online users: 4c61332f-0d6f-4155-84e8-6ac24c64b783, 84f975b8-ed21-4021-b1c6-4f16933c3373, b0024d1f-0605-47fe-891e-156ca72ddefc, 46b677e9-84bf-4bfa-b940-998d004882a1
[SOCKET DEBUG] Sending event 'bills:update' to Socket ID: zB6tb6rsnifpTq9KAAJU
[SOCKET DEBUG] Attempting to send event 'notifications:update' to Member: 4c61332f-0d6f-4155-84e8-6ac24c64b783. Online users: 4c61332f-0d6f-4155-84e8-6ac24c64b783, 84f975b8-ed21-4021-b1c6-4f16933c3373, b0024d1f-0605-47fe-891e-156ca72ddefc, 46b677e9-84bf-4bfa-b940-998d004882a1
[SOCKET DEBUG] Sending event 'notifications:update' to Socket ID: zB6tb6rsnifpTq9KAAJU
[SOCKET DEBUG] Attempting to send event 'financing_applications:update' to Member: 4c61332f-0d6f-4155-84e8-6ac24c64b783. Online users: 4c61332f-0d6f-4155-84e8-6ac24c64b783, 84f975b8-ed21-4021-b1c6-4f16933c3373, b0024d1f-0605-47fe-891e-156ca72ddefc, 46b677e9-84bf-4bfa-b940-998d004882a1
[SOCKET DEBUG] Sending event 'financing_applications:update' to Socket ID: zB6tb6rsnifpTq9KAAJU
[SOCKET DEBUG] Attempting to send event 'financing_applications:update' to Member: 46b677e9-84bf-4bfa-b940-998d004882a1. Online users: 4c61332f-0d6f-4155-84e8-6ac24c64b783, 84f975b8-ed21-4021-b1c6-4f16933c3373, b0024d1f-0605-47fe-891e-156ca72ddefc, 46b677e9-84bf-4bfa-b940-998d004882a1
[SOCKET DEBUG] Sending event 'financing_applications:update' to Socket ID: rcV872RWWNmFSLGXAAOT
[SOCKET DEBUG] Attempting to send event 'FINANCING_APPLICATIONS_UPDATED' to Member: 4c61332f-0d6f-4155-84e8-6ac24c64b783. Online users: 4c61332f-0d6f-4155-84e8-6ac24c64b783, 84f975b8-ed21-4021-b1c6-4f16933c3373, b0024d1f-0605-47fe-891e-156ca72ddefc, 46b677e9-84bf-4bfa-b940-998d004882a1
[SOCKET DEBUG] Sending event 'FINANCING_APPLICATIONS_UPDATED' to Socket ID: zB6tb6rsnifpTq9KAAJU
[SOCKET DEBUG] Attempting to send event 'FINANCING_APPLICATIONS_UPDATED' to Member: 46b677e9-84bf-4bfa-b940-998d004882a1. Online users: 4c61332f-0d6f-4155-84e8-6ac24c64b783, 84f975b8-ed21-4021-b1c6-4f16933c3373, b0024d1f-0605-47fe-891e-156ca72ddefc, 46b677e9-84bf-4bfa-b940-998d004882a1
[SOCKET DEBUG] Sending event 'FINANCING_APPLICATIONS_UPDATED' to Socket ID: rcV872RWWNmFSLGXAAOT
[SOCKET DEBUG] Attempting to send event 'notifications:update' to Member: 4c61332f-0d6f-4155-84e8-6ac24c64b783. Online users: 4c61332f-0d6f-4155-84e8-6ac24c64b783, 84f975b8-ed21-4021-b1c6-4f16933c3373, b0024d1f-0605-47fe-891e-156ca72ddefc, 46b677e9-84bf-4bfa-b940-998d004882a1
[SOCKET DEBUG] Sending event 'notifications:update' to Socket ID: zB6tb6rsnifpTq9KAAJU
--- SOCKET REGISTER ---
Member: 46b677e9-84bf-4bfa-b940-998d004882a1
Socket ID: GrAKCBCRwGO0myiaAAOg
[SOCKET DEBUG] Attempting to send event 'new_notification' to Member: 4c61332f-0d6f-4155-84e8-6ac24c64b783. Online users: 4c61332f-0d6f-4155-84e8-6ac24c64b783, 46b677e9-84bf-4bfa-b940-998d004882a1
[SOCKET DEBUG] Sending event 'new_notification' to Socket ID: zB6tb6rsnifpTq9KAAJU
[SOCKET DEBUG] Attempting to send event 'notifications:update' to Member: 4c61332f-0d6f-4155-84e8-6ac24c64b783. Online users: 4c61332f-0d6f-4155-84e8-6ac24c64b783, 46b677e9-84bf-4bfa-b940-998d004882a1
[SOCKET DEBUG] Sending event 'notifications:update' to Socket ID: zB6tb6rsnifpTq9KAAJU
[SOCKET DEBUG] Attempting to send event 'notifications:update' to Member: 4c61332f-0d6f-4155-84e8-6ac24c64b783. Online users: 4c61332f-0d6f-4155-84e8-6ac24c64b783, 46b677e9-84bf-4bfa-b940-998d004882a1
[SOCKET DEBUG] Sending event 'notifications:update' to Socket ID: zB6tb6rsnifpTq9KAAJU
--- SOCKET REGISTER ---
Member: 84f975b8-ed21-4021-b1c6-4f16933c3373
Socket ID: KEPUCoSs6BQz3lpGAAPa
[SOCKET DEBUG] Attempting to send event 'financing_applications:update' to Member: 4c61332f-0d6f-4155-84e8-6ac24c64b783. Online users: 4c61332f-0d6f-4155-84e8-6ac24c64b783, 84f975b8-ed21-4021-b1c6-4f16933c3373
[SOCKET DEBUG] Sending event 'financing_applications:update' to Socket ID: zB6tb6rsnifpTq9KAAJU
[SOCKET DEBUG] Attempting to send event 'financing_applications:update' to Member: 84f975b8-ed21-4021-b1c6-4f16933c3373. Online users: 4c61332f-0d6f-4155-84e8-6ac24c64b783, 84f975b8-ed21-4021-b1c6-4f16933c3373
[SOCKET DEBUG] Sending event 'financing_applications:update' to Socket ID: KEPUCoSs6BQz3lpGAAPa
[SOCKET DEBUG] Attempting to send event 'FINANCING_APPLICATIONS_UPDATED' to Member: 4c61332f-0d6f-4155-84e8-6ac24c64b783. Online users: 4c61332f-0d6f-4155-84e8-6ac24c64b783, 84f975b8-ed21-4021-b1c6-4f16933c3373
[SOCKET DEBUG] Sending event 'FINANCING_APPLICATIONS_UPDATED' to Socket ID: zB6tb6rsnifpTq9KAAJU
[SOCKET DEBUG] Attempting to send event 'FINANCING_APPLICATIONS_UPDATED' to Member: 84f975b8-ed21-4021-b1c6-4f16933c3373. Online users: 4c61332f-0d6f-4155-84e8-6ac24c64b783, 84f975b8-ed21-4021-b1c6-4f16933c3373
[SOCKET DEBUG] Sending event 'FINANCING_APPLICATIONS_UPDATED' to Socket ID: KEPUCoSs6BQz3lpGAAPa
[SOCKET DEBUG] Attempting to send event 'notifications:update' to Member: 4c61332f-0d6f-4155-84e8-6ac24c64b783. Online users: 4c61332f-0d6f-4155-84e8-6ac24c64b783, 84f975b8-ed21-4021-b1c6-4f16933c3373
[SOCKET DEBUG] Sending event 'notifications:update' to Socket ID: zB6tb6rsnifpTq9KAAJU
[SOCKET DEBUG] Attempting to send event 'notifications:update' to Member: b0024d1f-0605-47fe-891e-156ca72ddefc. Online users: 4c61332f-0d6f-4155-84e8-6ac24c64b783, 84f975b8-ed21-4021-b1c6-4f16933c3373
[SOCKET DEBUG] Failed to send: Member b0024d1f-0605-47fe-891e-156ca72ddefc is NOT online.
--- SOCKET REGISTER ---
Member: 84f975b8-ed21-4021-b1c6-4f16933c3373
Socket ID: 34FYfM4g7Ci3o879AAPe
--- SOCKET REGISTER ---
Member: b0024d1f-0605-47fe-891e-156ca72ddefc
Socket ID: xpS50mnwnTB3rCdOAAPm
[SOCKET DEBUG] Attempting to send event 'financing_applications:update' to Member: 4c61332f-0d6f-4155-84e8-6ac24c64b783. Online users: 4c61332f-0d6f-4155-84e8-6ac24c64b783, 84f975b8-ed21-4021-b1c6-4f16933c3373, b0024d1f-0605-47fe-891e-156ca72ddefc
[SOCKET DEBUG] Sending event 'financing_applications:update' to Socket ID: zB6tb6rsnifpTq9KAAJU
[SOCKET DEBUG] Attempting to send event 'financing_applications:update' to Member: b0024d1f-0605-47fe-891e-156ca72ddefc. Online users: 4c61332f-0d6f-4155-84e8-6ac24c64b783, 84f975b8-ed21-4021-b1c6-4f16933c3373, b0024d1f-0605-47fe-891e-156ca72ddefc
[SOCKET DEBUG] Sending event 'financing_applications:update' to Socket ID: xpS50mnwnTB3rCdOAAPm
[SOCKET DEBUG] Attempting to send event 'FINANCING_APPLICATIONS_UPDATED' to Member: 4c61332f-0d6f-4155-84e8-6ac24c64b783. Online users: 4c61332f-0d6f-4155-84e8-6ac24c64b783, 84f975b8-ed21-4021-b1c6-4f16933c3373, b0024d1f-0605-47fe-891e-156ca72ddefc
[SOCKET DEBUG] Sending event 'FINANCING_APPLICATIONS_UPDATED' to Socket ID: zB6tb6rsnifpTq9KAAJU
[SOCKET DEBUG] Attempting to send event 'FINANCING_APPLICATIONS_UPDATED' to Member: b0024d1f-0605-47fe-891e-156ca72ddefc. Online users: 4c61332f-0d6f-4155-84e8-6ac24c64b783, 84f975b8-ed21-4021-b1c6-4f16933c3373, b0024d1f-0605-47fe-891e-156ca72ddefc
[SOCKET DEBUG] Sending event 'FINANCING_APPLICATIONS_UPDATED' to Socket ID: xpS50mnwnTB3rCdOAAPm
[SOCKET DEBUG] Attempting to send event 'notifications:update' to Member: 4c61332f-0d6f-4155-84e8-6ac24c64b783. Online users: 4c61332f-0d6f-4155-84e8-6ac24c64b783, 84f975b8-ed21-4021-b1c6-4f16933c3373, b0024d1f-0605-47fe-891e-156ca72ddefc
[SOCKET DEBUG] Sending event 'notifications:update' to Socket ID: zB6tb6rsnifpTq9KAAJU
[SOCKET DEBUG] Attempting to send event 'notifications:update' to Member: 46b677e9-84bf-4bfa-b940-998d004882a1. Online users: 4c61332f-0d6f-4155-84e8-6ac24c64b783, 84f975b8-ed21-4021-b1c6-4f16933c3373, b0024d1f-0605-47fe-891e-156ca72ddefc
[SOCKET DEBUG] Failed to send: Member 46b677e9-84bf-4bfa-b940-998d004882a1 is NOT online.
--- SOCKET REGISTER ---
Member: b0024d1f-0605-47fe-891e-156ca72ddefc
Socket ID: SoZ3BqNUXYxQ7DLcAAPw
--- SOCKET REGISTER ---
Member: 46b677e9-84bf-4bfa-b940-998d004882a1
Socket ID: i-QwfgZLiyt4WdbNAAP2
[SOCKET DEBUG] Attempting to send event 'bills:update' to Member: 4c61332f-0d6f-4155-84e8-6ac24c64b783. Online users: 4c61332f-0d6f-4155-84e8-6ac24c64b783, 84f975b8-ed21-4021-b1c6-4f16933c3373, b0024d1f-0605-47fe-891e-156ca72ddefc, 46b677e9-84bf-4bfa-b940-998d004882a1
[SOCKET DEBUG] Sending event 'bills:update' to Socket ID: zB6tb6rsnifpTq9KAAJU
[SOCKET DEBUG] Attempting to send event 'financing_applications:update' to Member: 4c61332f-0d6f-4155-84e8-6ac24c64b783. Online users: 4c61332f-0d6f-4155-84e8-6ac24c64b783, 84f975b8-ed21-4021-b1c6-4f16933c3373, b0024d1f-0605-47fe-891e-156ca72ddefc, 46b677e9-84bf-4bfa-b940-998d004882a1
[SOCKET DEBUG] Sending event 'financing_applications:update' to Socket ID: zB6tb6rsnifpTq9KAAJU
[SOCKET DEBUG] Attempting to send event 'financing_applications:update' to Member: 46b677e9-84bf-4bfa-b940-998d004882a1. Online users: 4c61332f-0d6f-4155-84e8-6ac24c64b783, 84f975b8-ed21-4021-b1c6-4f16933c3373, b0024d1f-0605-47fe-891e-156ca72ddefc, 46b677e9-84bf-4bfa-b940-998d004882a1
[SOCKET DEBUG] Sending event 'financing_applications:update' to Socket ID: i-QwfgZLiyt4WdbNAAP2
[SOCKET DEBUG] Attempting to send event 'FINANCING_APPLICATIONS_UPDATED' to Member: 4c61332f-0d6f-4155-84e8-6ac24c64b783. Online users: 4c61332f-0d6f-4155-84e8-6ac24c64b783, 84f975b8-ed21-4021-b1c6-4f16933c3373, b0024d1f-0605-47fe-891e-156ca72ddefc, 46b677e9-84bf-4bfa-b940-998d004882a1
[SOCKET DEBUG] Sending event 'FINANCING_APPLICATIONS_UPDATED' to Socket ID: zB6tb6rsnifpTq9KAAJU
[SOCKET DEBUG] Attempting to send event 'FINANCING_APPLICATIONS_UPDATED' to Member: 46b677e9-84bf-4bfa-b940-998d004882a1. Online users: 4c61332f-0d6f-4155-84e8-6ac24c64b783, 84f975b8-ed21-4021-b1c6-4f16933c3373, b0024d1f-0605-47fe-891e-156ca72ddefc, 46b677e9-84bf-4bfa-b940-998d004882a1
[SOCKET DEBUG] Sending event 'FINANCING_APPLICATIONS_UPDATED' to Socket ID: i-QwfgZLiyt4WdbNAAP2
[SOCKET DEBUG] Attempting to send event 'notifications:update' to Member: 4c61332f-0d6f-4155-84e8-6ac24c64b783. Online users: 4c61332f-0d6f-4155-84e8-6ac24c64b783, 84f975b8-ed21-4021-b1c6-4f16933c3373, b0024d1f-0605-47fe-891e-156ca72ddefc, 46b677e9-84bf-4bfa-b940-998d004882a1
[SOCKET DEBUG] Sending event 'notifications:update' to Socket ID: zB6tb6rsnifpTq9KAAJU
[SOCKET DEBUG] Attempting to send event 'notifications:update' to Member: 4c61332f-0d6f-4155-84e8-6ac24c64b783. Online users: 4c61332f-0d6f-4155-84e8-6ac24c64b783, 84f975b8-ed21-4021-b1c6-4f16933c3373, b0024d1f-0605-47fe-891e-156ca72ddefc, 46b677e9-84bf-4bfa-b940-998d004882a1
[SOCKET DEBUG] Sending event 'notifications:update' to Socket ID: zB6tb6rsnifpTq9KAAJU
--- SOCKET REGISTER ---
Member: 46b677e9-84bf-4bfa-b940-998d004882a1
Socket ID: nL8QPR09xvTw6uFBAAP_
[SOCKET DEBUG] Attempting to send event 'new_notification' to Member: 4c61332f-0d6f-4155-84e8-6ac24c64b783. Online users: 4c61332f-0d6f-4155-84e8-6ac24c64b783, 46b677e9-84bf-4bfa-b940-998d004882a1
[SOCKET DEBUG] Sending event 'new_notification' to Socket ID: zB6tb6rsnifpTq9KAAJU
[SOCKET DEBUG] Attempting to send event 'notifications:update' to Member: 4c61332f-0d6f-4155-84e8-6ac24c64b783. Online users: 4c61332f-0d6f-4155-84e8-6ac24c64b783, 46b677e9-84bf-4bfa-b940-998d004882a1
[SOCKET DEBUG] Sending event 'notifications:update' to Socket ID: zB6tb6rsnifpTq9KAAJU
[SOCKET DEBUG] Attempting to send event 'new_notification' to Member: 4c61332f-0d6f-4155-84e8-6ac24c64b783. Online users: 4c61332f-0d6f-4155-84e8-6ac24c64b783, 46b677e9-84bf-4bfa-b940-998d004882a1
[SOCKET DEBUG] Sending event 'new_notification' to Socket ID: zB6tb6rsnifpTq9KAAJU
[SOCKET DEBUG] Attempting to send event 'TRANSACTION_UPDATED' to Member: 4c61332f-0d6f-4155-84e8-6ac24c64b783. Online users: 4c61332f-0d6f-4155-84e8-6ac24c64b783, 46b677e9-84bf-4bfa-b940-998d004882a1
[SOCKET DEBUG] Sending event 'TRANSACTION_UPDATED' to Socket ID: zB6tb6rsnifpTq9KAAJU
[SOCKET DEBUG] Attempting to send event 'notifications:update' to Member: 4c61332f-0d6f-4155-84e8-6ac24c64b783. Online users: 4c61332f-0d6f-4155-84e8-6ac24c64b783, 46b677e9-84bf-4bfa-b940-998d004882a1
[SOCKET DEBUG] Sending event 'notifications:update' to Socket ID: zB6tb6rsnifpTq9KAAJU
--- SOCKET REGISTER ---
Member: 84f975b8-ed21-4021-b1c6-4f16933c3373
Socket ID: LiZIpnzsgPfz24MnAASl
[SOCKET DEBUG] Attempting to send event 'member_saving_targets:update' to Member: 4c61332f-0d6f-4155-84e8-6ac24c64b783. Online users: 4c61332f-0d6f-4155-84e8-6ac24c64b783, 84f975b8-ed21-4021-b1c6-4f16933c3373
[SOCKET DEBUG] Sending event 'member_saving_targets:update' to Socket ID: zB6tb6rsnifpTq9KAAJU
[SOCKET DEBUG] Attempting to send event 'member_saving_targets:update' to Member: 84f975b8-ed21-4021-b1c6-4f16933c3373. Online users: 4c61332f-0d6f-4155-84e8-6ac24c64b783, 84f975b8-ed21-4021-b1c6-4f16933c3373
[SOCKET DEBUG] Sending event 'member_saving_targets:update' to Socket ID: LiZIpnzsgPfz24MnAASl
[SOCKET DEBUG] Attempting to send event 'MEMBER_SAVING_TARGETS_UPDATED' to Member: 4c61332f-0d6f-4155-84e8-6ac24c64b783. Online users: 4c61332f-0d6f-4155-84e8-6ac24c64b783, 84f975b8-ed21-4021-b1c6-4f16933c3373
[SOCKET DEBUG] Sending event 'MEMBER_SAVING_TARGETS_UPDATED' to Socket ID: zB6tb6rsnifpTq9KAAJU
[SOCKET DEBUG] Attempting to send event 'MEMBER_SAVING_TARGETS_UPDATED' to Member: 84f975b8-ed21-4021-b1c6-4f16933c3373. Online users: 4c61332f-0d6f-4155-84e8-6ac24c64b783, 84f975b8-ed21-4021-b1c6-4f16933c3373
[SOCKET DEBUG] Sending event 'MEMBER_SAVING_TARGETS_UPDATED' to Socket ID: LiZIpnzsgPfz24MnAASl
[SOCKET DEBUG] Attempting to send event 'notifications:update' to Member: 4c61332f-0d6f-4155-84e8-6ac24c64b783. Online users: 4c61332f-0d6f-4155-84e8-6ac24c64b783, 84f975b8-ed21-4021-b1c6-4f16933c3373
[SOCKET DEBUG] Sending event 'notifications:update' to Socket ID: zB6tb6rsnifpTq9KAAJU
[SOCKET DEBUG] Attempting to send event 'notifications:update' to Member: b0024d1f-0605-47fe-891e-156ca72ddefc. Online users: 4c61332f-0d6f-4155-84e8-6ac24c64b783, 84f975b8-ed21-4021-b1c6-4f16933c3373
[SOCKET DEBUG] Failed to send: Member b0024d1f-0605-47fe-891e-156ca72ddefc is NOT online.
--- SOCKET REGISTER ---
Member: 84f975b8-ed21-4021-b1c6-4f16933c3373
Socket ID: rLf9G75dp_XelGl9AASp
--- SOCKET REGISTER ---
Member: b0024d1f-0605-47fe-891e-156ca72ddefc
Socket ID: _voGMryQDvB1BiXhAASu
[SOCKET DEBUG] Attempting to send event 'member_saving_targets:update' to Member: 4c61332f-0d6f-4155-84e8-6ac24c64b783. Online users: 4c61332f-0d6f-4155-84e8-6ac24c64b783, 84f975b8-ed21-4021-b1c6-4f16933c3373, b0024d1f-0605-47fe-891e-156ca72ddefc
[SOCKET DEBUG] Sending event 'member_saving_targets:update' to Socket ID: zB6tb6rsnifpTq9KAAJU
[SOCKET DEBUG] Attempting to send event 'member_saving_targets:update' to Member: b0024d1f-0605-47fe-891e-156ca72ddefc. Online users: 4c61332f-0d6f-4155-84e8-6ac24c64b783, 84f975b8-ed21-4021-b1c6-4f16933c3373, b0024d1f-0605-47fe-891e-156ca72ddefc
[SOCKET DEBUG] Sending event 'member_saving_targets:update' to Socket ID: _voGMryQDvB1BiXhAASu
[SOCKET DEBUG] Attempting to send event 'MEMBER_SAVING_TARGETS_UPDATED' to Member: 4c61332f-0d6f-4155-84e8-6ac24c64b783. Online users: 4c61332f-0d6f-4155-84e8-6ac24c64b783, 84f975b8-ed21-4021-b1c6-4f16933c3373, b0024d1f-0605-47fe-891e-156ca72ddefc
[SOCKET DEBUG] Sending event 'MEMBER_SAVING_TARGETS_UPDATED' to Socket ID: zB6tb6rsnifpTq9KAAJU
[SOCKET DEBUG] Attempting to send event 'MEMBER_SAVING_TARGETS_UPDATED' to Member: b0024d1f-0605-47fe-891e-156ca72ddefc. Online users: 4c61332f-0d6f-4155-84e8-6ac24c64b783, 84f975b8-ed21-4021-b1c6-4f16933c3373, b0024d1f-0605-47fe-891e-156ca72ddefc
[SOCKET DEBUG] Sending event 'MEMBER_SAVING_TARGETS_UPDATED' to Socket ID: _voGMryQDvB1BiXhAASu
[SOCKET DEBUG] Attempting to send event 'notifications:update' to Member: 4c61332f-0d6f-4155-84e8-6ac24c64b783. Online users: 4c61332f-0d6f-4155-84e8-6ac24c64b783, 84f975b8-ed21-4021-b1c6-4f16933c3373, b0024d1f-0605-47fe-891e-156ca72ddefc
[SOCKET DEBUG] Sending event 'notifications:update' to Socket ID: zB6tb6rsnifpTq9KAAJU
[SOCKET DEBUG] Attempting to send event 'notifications:update' to Member: 46b677e9-84bf-4bfa-b940-998d004882a1. Online users: 4c61332f-0d6f-4155-84e8-6ac24c64b783, 84f975b8-ed21-4021-b1c6-4f16933c3373, b0024d1f-0605-47fe-891e-156ca72ddefc
[SOCKET DEBUG] Failed to send: Member 46b677e9-84bf-4bfa-b940-998d004882a1 is NOT online.
--- SOCKET REGISTER ---
Member: b0024d1f-0605-47fe-891e-156ca72ddefc
Socket ID: ziZ3RPoGlSiDMlkLAAS0
--- SOCKET REGISTER ---
Member: 46b677e9-84bf-4bfa-b940-998d004882a1
Socket ID: lg5ei9wjxWUOpkSiAAS6
[SOCKET DEBUG] Attempting to send event 'savings:update' to Member: 4c61332f-0d6f-4155-84e8-6ac24c64b783. Online users: 4c61332f-0d6f-4155-84e8-6ac24c64b783, 84f975b8-ed21-4021-b1c6-4f16933c3373, b0024d1f-0605-47fe-891e-156ca72ddefc, 46b677e9-84bf-4bfa-b940-998d004882a1
[SOCKET DEBUG] Sending event 'savings:update' to Socket ID: zB6tb6rsnifpTq9KAAJU
[SOCKET DEBUG] Attempting to send event 'bills:update' to Member: 4c61332f-0d6f-4155-84e8-6ac24c64b783. Online users: 4c61332f-0d6f-4155-84e8-6ac24c64b783, 84f975b8-ed21-4021-b1c6-4f16933c3373, b0024d1f-0605-47fe-891e-156ca72ddefc, 46b677e9-84bf-4bfa-b940-998d004882a1
[SOCKET DEBUG] Sending event 'bills:update' to Socket ID: zB6tb6rsnifpTq9KAAJU
[SOCKET DEBUG] Attempting to send event 'member_saving_targets:update' to Member: 4c61332f-0d6f-4155-84e8-6ac24c64b783. Online users: 4c61332f-0d6f-4155-84e8-6ac24c64b783, 84f975b8-ed21-4021-b1c6-4f16933c3373, b0024d1f-0605-47fe-891e-156ca72ddefc, 46b677e9-84bf-4bfa-b940-998d004882a1
[SOCKET DEBUG] Sending event 'member_saving_targets:update' to Socket ID: zB6tb6rsnifpTq9KAAJU
[SOCKET DEBUG] Attempting to send event 'member_saving_targets:update' to Member: 46b677e9-84bf-4bfa-b940-998d004882a1. Online users: 4c61332f-0d6f-4155-84e8-6ac24c64b783, 84f975b8-ed21-4021-b1c6-4f16933c3373, b0024d1f-0605-47fe-891e-156ca72ddefc, 46b677e9-84bf-4bfa-b940-998d004882a1
[SOCKET DEBUG] Sending event 'member_saving_targets:update' to Socket ID: lg5ei9wjxWUOpkSiAAS6
[SOCKET DEBUG] Attempting to send event 'MEMBER_SAVING_TARGETS_UPDATED' to Member: 4c61332f-0d6f-4155-84e8-6ac24c64b783. Online users: 4c61332f-0d6f-4155-84e8-6ac24c64b783, 84f975b8-ed21-4021-b1c6-4f16933c3373, b0024d1f-0605-47fe-891e-156ca72ddefc, 46b677e9-84bf-4bfa-b940-998d004882a1
[SOCKET DEBUG] Sending event 'MEMBER_SAVING_TARGETS_UPDATED' to Socket ID: zB6tb6rsnifpTq9KAAJU
[SOCKET DEBUG] Attempting to send event 'MEMBER_SAVING_TARGETS_UPDATED' to Member: 46b677e9-84bf-4bfa-b940-998d004882a1. Online users: 4c61332f-0d6f-4155-84e8-6ac24c64b783, 84f975b8-ed21-4021-b1c6-4f16933c3373, b0024d1f-0605-47fe-891e-156ca72ddefc, 46b677e9-84bf-4bfa-b940-998d004882a1
[SOCKET DEBUG] Sending event 'MEMBER_SAVING_TARGETS_UPDATED' to Socket ID: lg5ei9wjxWUOpkSiAAS6
[SOCKET DEBUG] Attempting to send event 'notifications:update' to Member: 4c61332f-0d6f-4155-84e8-6ac24c64b783. Online users: 4c61332f-0d6f-4155-84e8-6ac24c64b783, 84f975b8-ed21-4021-b1c6-4f16933c3373, b0024d1f-0605-47fe-891e-156ca72ddefc, 46b677e9-84bf-4bfa-b940-998d004882a1
[SOCKET DEBUG] Sending event 'notifications:update' to Socket ID: zB6tb6rsnifpTq9KAAJU
[SOCKET DEBUG] Attempting to send event 'notifications:update' to Member: 4c61332f-0d6f-4155-84e8-6ac24c64b783. Online users: 4c61332f-0d6f-4155-84e8-6ac24c64b783, 84f975b8-ed21-4021-b1c6-4f16933c3373, b0024d1f-0605-47fe-891e-156ca72ddefc, 46b677e9-84bf-4bfa-b940-998d004882a1
[SOCKET DEBUG] Sending event 'notifications:update' to Socket ID: zB6tb6rsnifpTq9KAAJU
--- SOCKET REGISTER ---
Member: 46b677e9-84bf-4bfa-b940-998d004882a1
Socket ID: _yr9hSv9n0DyOlQNAAS_
[SOCKET DEBUG] Attempting to send event 'new_notification' to Member: 4c61332f-0d6f-4155-84e8-6ac24c64b783. Online users: 4c61332f-0d6f-4155-84e8-6ac24c64b783, 46b677e9-84bf-4bfa-b940-998d004882a1
[SOCKET DEBUG] Sending event 'new_notification' to Socket ID: zB6tb6rsnifpTq9KAAJU
[SOCKET DEBUG] Attempting to send event 'notifications:update' to Member: 4c61332f-0d6f-4155-84e8-6ac24c64b783. Online users: 4c61332f-0d6f-4155-84e8-6ac24c64b783, 46b677e9-84bf-4bfa-b940-998d004882a1
[SOCKET DEBUG] Sending event 'notifications:update' to Socket ID: zB6tb6rsnifpTq9KAAJU
[SOCKET DEBUG] Attempting to send event 'new_notification' to Member: 4c61332f-0d6f-4155-84e8-6ac24c64b783. Online users: 4c61332f-0d6f-4155-84e8-6ac24c64b783, 46b677e9-84bf-4bfa-b940-998d004882a1
[SOCKET DEBUG] Sending event 'new_notification' to Socket ID: zB6tb6rsnifpTq9KAAJU
[SOCKET DEBUG] Attempting to send event 'notifications:update' to Member: 4c61332f-0d6f-4155-84e8-6ac24c64b783. Online users: 4c61332f-0d6f-4155-84e8-6ac24c64b783, 46b677e9-84bf-4bfa-b940-998d004882a1
[SOCKET DEBUG] Sending event 'notifications:update' to Socket ID: zB6tb6rsnifpTq9KAAJU
--- SOCKET REGISTER ---
Member: 46b677e9-84bf-4bfa-b940-998d004882a1
Socket ID: OWPKekwo37lHJ0FVAAX4
--- SOCKET REGISTER ---
Member: 46b677e9-84bf-4bfa-b940-998d004882a1
Socket ID: flvP756Vty0S-c1WAAX7
--- SOCKET REGISTER ---
Member: 84f975b8-ed21-4021-b1c6-4f16933c3373
Socket ID: 7QLOi-6L5dPHBskvAAYA
--- SOCKET REGISTER ---
Member: 84f975b8-ed21-4021-b1c6-4f16933c3373
Socket ID: kyHhlvGImU9H1R_HAAYM
[SOCKET DEBUG] Attempting to send event 'new_notification' to Member: 4c61332f-0d6f-4155-84e8-6ac24c64b783. Online users: 4c61332f-0d6f-4155-84e8-6ac24c64b783, 84f975b8-ed21-4021-b1c6-4f16933c3373
[SOCKET DEBUG] Sending event 'new_notification' to Socket ID: zB6tb6rsnifpTq9KAAJU
[SOCKET DEBUG] Attempting to send event 'notifications:update' to Member: 4c61332f-0d6f-4155-84e8-6ac24c64b783. Online users: 4c61332f-0d6f-4155-84e8-6ac24c64b783, 84f975b8-ed21-4021-b1c6-4f16933c3373
[SOCKET DEBUG] Sending event 'notifications:update' to Socket ID: zB6tb6rsnifpTq9KAAJU
[SOCKET DEBUG] Attempting to send event 'new_notification' to Member: 4c61332f-0d6f-4155-84e8-6ac24c64b783. Online users: 4c61332f-0d6f-4155-84e8-6ac24c64b783, 84f975b8-ed21-4021-b1c6-4f16933c3373
[SOCKET DEBUG] Sending event 'new_notification' to Socket ID: zB6tb6rsnifpTq9KAAJU
[SOCKET DEBUG] Attempting to send event 'notifications:update' to Member: 4c61332f-0d6f-4155-84e8-6ac24c64b783. Online users: 4c61332f-0d6f-4155-84e8-6ac24c64b783, 84f975b8-ed21-4021-b1c6-4f16933c3373
[SOCKET DEBUG] Sending event 'notifications:update' to Socket ID: zB6tb6rsnifpTq9KAAJU
[SOCKET DEBUG] Attempting to send event 'new_notification' to Member: 4c61332f-0d6f-4155-84e8-6ac24c64b783. Online users: 4c61332f-0d6f-4155-84e8-6ac24c64b783, 84f975b8-ed21-4021-b1c6-4f16933c3373
[SOCKET DEBUG] Sending event 'new_notification' to Socket ID: zB6tb6rsnifpTq9KAAJU
[SOCKET DEBUG] Attempting to send event 'notifications:update' to Member: 4c61332f-0d6f-4155-84e8-6ac24c64b783. Online users: 4c61332f-0d6f-4155-84e8-6ac24c64b783, 84f975b8-ed21-4021-b1c6-4f16933c3373
[SOCKET DEBUG] Sending event 'notifications:update' to Socket ID: zB6tb6rsnifpTq9KAAJU
--- SOCKET REGISTER ---
Member: 84f975b8-ed21-4021-b1c6-4f16933c3373
Socket ID: Dh3paWxm_D2GmA7hAAY_
--- SOCKET REGISTER ---
Member: 84f975b8-ed21-4021-b1c6-4f16933c3373
Socket ID: uQ2o9AvR1UCKjV_0AAZB
--- SOCKET REGISTER ---
Member: 84f975b8-ed21-4021-b1c6-4f16933c3373
Socket ID: 2GDHFiGBCPS8PRakAAZD
--- SOCKET REGISTER ---
Member: 4c61332f-0d6f-4155-84e8-6ac24c64b783
Socket ID: 1IWVP4RSOrKmI5EgAAZF
--- SOCKET REGISTER ---
Member: 4c61332f-0d6f-4155-84e8-6ac24c64b783
Socket ID: DCdlH2RoIjrCP01tAAZH
--- SOCKET REGISTER ---
Member: 4c61332f-0d6f-4155-84e8-6ac24c64b783
Socket ID: 6mn0oQ1KeDv6qQCUAAZJ
--- SOCKET REGISTER ---
Member: 4c61332f-0d6f-4155-84e8-6ac24c64b783
Socket ID: cPnUu-h3xCgmrG_QAAZN
--- SOCKET REGISTER ---
Member: 4c61332f-0d6f-4155-84e8-6ac24c64b783
Socket ID: Hh8HbRZxVIn1_RI6AAZP
--- SOCKET REGISTER ---
Member: 4c61332f-0d6f-4155-84e8-6ac24c64b783
Socket ID: u2n-pLIho4vT47u2AAZR
--- SOCKET REGISTER ---
Member: 84f975b8-ed21-4021-b1c6-4f16933c3373
Socket ID: vHno62kB7GvCwoO2AAmn
--- SOCKET REGISTER ---
Member: 4c61332f-0d6f-4155-84e8-6ac24c64b783
Socket ID: BSIOYisGo2WN6AbGAAmp
--- SOCKET REGISTER ---
Member: 4c61332f-0d6f-4155-84e8-6ac24c64b783
Socket ID: FFx6o9HwYy6l6oAtAAmr
--- SOCKET REGISTER ---
Member: 4c61332f-0d6f-4155-84e8-6ac24c64b783
Socket ID: RE1jVjQw0q3XQWAUAAmt
--- SOCKET REGISTER ---
Member: 84f975b8-ed21-4021-b1c6-4f16933c3373
Socket ID: nYcAHiUQG9i6EuvrAAni
--- SOCKET REGISTER ---
Member: 46b677e9-84bf-4bfa-b940-998d004882a1
Socket ID: m1x0xCWkNsKBV1AwAAu8
--- SOCKET REGISTER ---
Member: 46b677e9-84bf-4bfa-b940-998d004882a1
Socket ID: U2Dk0m_Ai0PFEXaZAAu-
--- SOCKET REGISTER ---
Member: 46b677e9-84bf-4bfa-b940-998d004882a1
Socket ID: N1OtY8KCeip23Su4AAvA
--- SOCKET REGISTER ---
Member: 46b677e9-84bf-4bfa-b940-998d004882a1
Socket ID: iIr4rAbLjSReRZhHAAvC
--- SOCKET REGISTER ---
Member: 4c61332f-0d6f-4155-84e8-6ac24c64b783
Socket ID: 74VCguSZUci2X8L2AAvE
--- SOCKET REGISTER ---
Member: 4c61332f-0d6f-4155-84e8-6ac24c64b783
Socket ID: LHIJYkLtqav176f_AAvG
--- SOCKET REGISTER ---
Member: 84f975b8-ed21-4021-b1c6-4f16933c3373
Socket ID: HbOKOIczwGHdtIHzAAvI
--- SOCKET REGISTER ---
Member: 0a7fd51a-6494-4202-89b6-94641b105fbb
Socket ID: kyrJS73bBuqALQE_AAvK
--- SOCKET REGISTER ---
Member: 0a7fd51a-6494-4202-89b6-94641b105fbb
Socket ID: kMWyDBzsXyK5SZ-0AAAB
--- SOCKET REGISTER ---
Member: 0a7fd51a-6494-4202-89b6-94641b105fbb
Socket ID: YOhgZWdmyZzXCBdyAAAB
--- SOCKET REGISTER ---
Member: 0a7fd51a-6494-4202-89b6-94641b105fbb
Socket ID: 48cMGh3kYJ2U2PP1AAAB
--- SOCKET REGISTER ---
Member: 0a7fd51a-6494-4202-89b6-94641b105fbb
Socket ID: P5Znyj5xR3NjEWKKAAAB
--- SOCKET REGISTER ---
Member: 0a7fd51a-6494-4202-89b6-94641b105fbb
Socket ID: 1Kotiv8hrsJmQD7dAAAB
--- SOCKET REGISTER ---
Member: 0a7fd51a-6494-4202-89b6-94641b105fbb
Socket ID: LxcI1CEfnFT2gB_sAAAB
--- SOCKET REGISTER ---
Member: 0a7fd51a-6494-4202-89b6-94641b105fbb
Socket ID: VAABbUDSV2A42wKWAAAB
--- SOCKET REGISTER ---
Member: 0a7fd51a-6494-4202-89b6-94641b105fbb
Socket ID: yCVAPy6UdATsPS6jAAAB
--- SOCKET REGISTER ---
Member: 0a7fd51a-6494-4202-89b6-94641b105fbb
Socket ID: xEBiO1iC52FDrHKzAAAB
--- SOCKET REGISTER ---
Member: 0a7fd51a-6494-4202-89b6-94641b105fbb
Socket ID: stIr9g6APC7_tuH4AAAB
--- SOCKET REGISTER ---
Member: 0a7fd51a-6494-4202-89b6-94641b105fbb
Socket ID: vKqZ0qM3UrKRv0guAAAB
--- SOCKET REGISTER ---
Member: 0a7fd51a-6494-4202-89b6-94641b105fbb
Socket ID: yIVi_Gc_U_VS9iy2AAAB
--- SOCKET REGISTER ---
Member: 0a7fd51a-6494-4202-89b6-94641b105fbb
Socket ID: KeYQswqyyNA1F2r7AAAB
--- SOCKET REGISTER ---
Member: 0a7fd51a-6494-4202-89b6-94641b105fbb
Socket ID: 8HfyrGkaGuDZ4kSrAAAB
--- SOCKET REGISTER ---
Member: 0a7fd51a-6494-4202-89b6-94641b105fbb
Socket ID: KMMMrtHIWU-iOWBDAAAB
--- SOCKET REGISTER ---
Member: 0a7fd51a-6494-4202-89b6-94641b105fbb
Socket ID: swkBbeG7tQV9odRPAAAB
--- SOCKET REGISTER ---
Member: 0a7fd51a-6494-4202-89b6-94641b105fbb
Socket ID: rh_EnXxD5C7s80VwAAAB
--- SOCKET REGISTER ---
Member: 0a7fd51a-6494-4202-89b6-94641b105fbb
Socket ID: di6ZdT_4I26QZ5IJAAAB
--- SOCKET REGISTER ---
Member: 0a7fd51a-6494-4202-89b6-94641b105fbb
Socket ID: YMDYEtMSM6I5ydqaAAAB
--- SOCKET REGISTER ---
Member: 0a7fd51a-6494-4202-89b6-94641b105fbb
Socket ID: COw3sgVniQ2oAbQRAAAB
--- SOCKET REGISTER ---
Member: 0a7fd51a-6494-4202-89b6-94641b105fbb
Socket ID: b9bpczmvRysMxDRrAAAB
--- SOCKET REGISTER ---
Member: 0a7fd51a-6494-4202-89b6-94641b105fbb
Socket ID: ein7ILOAxPjmxWqqAAAE
--- SOCKET REGISTER ---
Member: 0a7fd51a-6494-4202-89b6-94641b105fbb
Socket ID: QpBRxSCOBRWnjtn4AAAF
--- SOCKET REGISTER ---
Member: 0a7fd51a-6494-4202-89b6-94641b105fbb
Socket ID: ZkyHlEj7tILSd8rvAAAI
--- SOCKET REGISTER ---
Member: 0a7fd51a-6494-4202-89b6-94641b105fbb
Socket ID: CdyYgHwV2Q0aohD_AAAJ
--- SOCKET REGISTER ---
Member: 0a7fd51a-6494-4202-89b6-94641b105fbb
Socket ID: aH6Y4BWTZaQ2ZBn0AAAB
--- SOCKET REGISTER ---
Member: 0a7fd51a-6494-4202-89b6-94641b105fbb
Socket ID: 0TUNiFvbIsTL8YbgAAAD
--- SOCKET REGISTER ---
Member: 0a7fd51a-6494-4202-89b6-94641b105fbb
Socket ID: P5IU09Y52E6RDdOQAAAD
--- SOCKET REGISTER ---
Member: 0a7fd51a-6494-4202-89b6-94641b105fbb
Socket ID: 9W-cDUf2lc-EOLHaAAAD
--- SOCKET REGISTER ---
Member: 0a7fd51a-6494-4202-89b6-94641b105fbb
Socket ID: w5dYtKv5tKucppZ6AAAF
--- SOCKET REGISTER ---
Member: 0a7fd51a-6494-4202-89b6-94641b105fbb
Socket ID: J3a2SEHHILSwPcUbAAAH
--- SOCKET REGISTER ---
Member: 0a7fd51a-6494-4202-89b6-94641b105fbb
Socket ID: pPGX3stEHlje34PoAAAB
--- SOCKET REGISTER ---
Member: 0a7fd51a-6494-4202-89b6-94641b105fbb
Socket ID: TwSbRUIcK9ZPN9gHAAAF
--- SOCKET REGISTER ---
Member: 0a7fd51a-6494-4202-89b6-94641b105fbb
Socket ID: f9RVVyBmS8DI-Bd-AAAH
[SOCKET DEBUG] Attempting to send event 'new_notification' to Member: 0a7fd51a-6494-4202-89b6-94641b105fbb. Online users: 0a7fd51a-6494-4202-89b6-94641b105fbb
[SOCKET DEBUG] Sending event 'new_notification' to Socket ID: TwSbRUIcK9ZPN9gHAAAF
[SOCKET DEBUG] Sending event 'new_notification' to Socket ID: f9RVVyBmS8DI-Bd-AAAH
[SOCKET DEBUG] Attempting to send event 'notifications:update' to Member: 0a7fd51a-6494-4202-89b6-94641b105fbb. Online users: 0a7fd51a-6494-4202-89b6-94641b105fbb
[SOCKET DEBUG] Sending event 'notifications:update' to Socket ID: TwSbRUIcK9ZPN9gHAAAF
[SOCKET DEBUG] Sending event 'notifications:update' to Socket ID: f9RVVyBmS8DI-Bd-AAAH
--- SOCKET REGISTER ---
Member: 0a7fd51a-6494-4202-89b6-94641b105fbb
Socket ID: V52S0ntTuJHxcNOlAAAB
--- SOCKET REGISTER ---
Member: 0a7fd51a-6494-4202-89b6-94641b105fbb
Socket ID: Sp9YOqQhHbgiG-obAAAG
--- SOCKET REGISTER ---
Member: 0a7fd51a-6494-4202-89b6-94641b105fbb
Socket ID: IjYyhxrcyxVu3_kDAAAH
--- SOCKET REGISTER ---
Member: 0a7fd51a-6494-4202-89b6-94641b105fbb
Socket ID: tNDnj9-3aqvXhpF4AAAK
--- SOCKET REGISTER ---
Member: 0a7fd51a-6494-4202-89b6-94641b105fbb
Socket ID: KZfyUXcRxc1431LcAAAL
--- SOCKET REGISTER ---
Member: df603033-5528-4dde-885f-407c1015e488
Socket ID: RX4wk9xadQBIh70bAAAN
[SOCKET DEBUG] Attempting to send event 'new_notification' to Member: df603033-5528-4dde-885f-407c1015e488. Online users: df603033-5528-4dde-885f-407c1015e488
[SOCKET DEBUG] Sending event 'new_notification' to Socket ID: RX4wk9xadQBIh70bAAAN
[SOCKET DEBUG] Attempting to send event 'notifications:update' to Member: df603033-5528-4dde-885f-407c1015e488. Online users: df603033-5528-4dde-885f-407c1015e488
[SOCKET DEBUG] Sending event 'notifications:update' to Socket ID: RX4wk9xadQBIh70bAAAN
--- SOCKET REGISTER ---
Member: 0a7fd51a-6494-4202-89b6-94641b105fbb
Socket ID: RV-DXe5FeSuMHj3NAAAP
--- SOCKET REGISTER ---
Member: df603033-5528-4dde-885f-407c1015e488
Socket ID: BgiV8LaV0C0ULH74AAAR
[SOCKET DEBUG] Attempting to send event 'new_notification' to Member: df603033-5528-4dde-885f-407c1015e488. Online users: df603033-5528-4dde-885f-407c1015e488
[SOCKET DEBUG] Sending event 'new_notification' to Socket ID: BgiV8LaV0C0ULH74AAAR
[SOCKET DEBUG] Attempting to send event 'notifications:update' to Member: df603033-5528-4dde-885f-407c1015e488. Online users: df603033-5528-4dde-885f-407c1015e488
[SOCKET DEBUG] Sending event 'notifications:update' to Socket ID: BgiV8LaV0C0ULH74AAAR
--- SOCKET REGISTER ---
Member: df603033-5528-4dde-885f-407c1015e488
Socket ID: pxBqbPxPc8GZ8BA7AAAB
--- SOCKET REGISTER ---
Member: df603033-5528-4dde-885f-407c1015e488
Socket ID: QJn3GAygBExZVWuJAAAB
--- SOCKET REGISTER ---
Member: df603033-5528-4dde-885f-407c1015e488
Socket ID: J6tynmd4gZjNDSwIAAAB
--- SOCKET REGISTER ---
Member: df603033-5528-4dde-885f-407c1015e488
Socket ID: wmI7lnVUZiAAPpxwAAAD
--- SOCKET REGISTER ---
Member: df603033-5528-4dde-885f-407c1015e488
Socket ID: DssnSZhVC5QNa_5dAAAF
--- SOCKET REGISTER ---
Member: df603033-5528-4dde-885f-407c1015e488
Socket ID: VW7zY01PrhceJS7EAAAD
--- SOCKET REGISTER ---
Member: df603033-5528-4dde-885f-407c1015e488
Socket ID: R1eW99L3ycAUoI7-AAAD
--- SOCKET REGISTER ---
Member: df603033-5528-4dde-885f-407c1015e488
Socket ID: dPe30vKrk6tQvJzoAAAB
--- SOCKET REGISTER ---
Member: df603033-5528-4dde-885f-407c1015e488
Socket ID: tX7cjqX7IcDrgniYAAAD
--- SOCKET REGISTER ---
Member: df603033-5528-4dde-885f-407c1015e488
Socket ID: uRgUFmwq9gBnlIO2AAAD
--- SOCKET REGISTER ---
Member: df603033-5528-4dde-885f-407c1015e488
Socket ID: 9hr6CTwcBG7nPkPIAAAD
--- SOCKET REGISTER ---
Member: df603033-5528-4dde-885f-407c1015e488
Socket ID: yYlcHsxgaAk_X66oAAAD
--- SOCKET REGISTER ---
Member: df603033-5528-4dde-885f-407c1015e488
Socket ID: Rfjaoek7qIumQifzAAAD
--- SOCKET REGISTER ---
Member: df603033-5528-4dde-885f-407c1015e488
Socket ID: LoJGZv2-3tvuSjd0AAAD
--- SOCKET REGISTER ---
Member: df603033-5528-4dde-885f-407c1015e488
Socket ID: ySisvSH0fQtawGPJAAAD
--- SOCKET REGISTER ---
Member: df603033-5528-4dde-885f-407c1015e488
Socket ID: OjGWKHWSL3j7e0nSAAAB
--- SOCKET REGISTER ---
Member: df603033-5528-4dde-885f-407c1015e488
Socket ID: 5ZDfdV-2RUqkm_tLAAAB
--- SOCKET REGISTER ---
Member: df603033-5528-4dde-885f-407c1015e488
Socket ID: 7_h6aLwgROr9RVqaAAAB
--- SOCKET REGISTER ---
Member: df603033-5528-4dde-885f-407c1015e488
Socket ID: 0ungK5emFYx-092LAAAD
--- SOCKET REGISTER ---
Member: df603033-5528-4dde-885f-407c1015e488
Socket ID: wJ3db4pOFHXniUZbAAAB
--- SOCKET REGISTER ---
Member: df603033-5528-4dde-885f-407c1015e488
Socket ID: eQ6HxVDza57w3B9KAAAD
--- SOCKET REGISTER ---
Member: df603033-5528-4dde-885f-407c1015e488
Socket ID: MgerKTLusR9YtxpkAAAD
--- SOCKET REGISTER ---
Member: df603033-5528-4dde-885f-407c1015e488
Socket ID: cr7Cc6f9e9xlARRjAAAB
--- SOCKET REGISTER ---
Member: df603033-5528-4dde-885f-407c1015e488
Socket ID: mVLZrBdxUZghldmQAAAD
--- SOCKET REGISTER ---
Member: df603033-5528-4dde-885f-407c1015e488
Socket ID: w37XOtXjf6-cnbhbAAAD
--- SOCKET REGISTER ---
Member: df603033-5528-4dde-885f-407c1015e488
Socket ID: leBSgUCzxxOvY79EAAAB
--- SOCKET REGISTER ---
Member: df603033-5528-4dde-885f-407c1015e488
Socket ID: XoYfG10DdXJc_Mo4AAAF
--- SOCKET REGISTER ---
Member: df603033-5528-4dde-885f-407c1015e488
Socket ID: ahRDNRjQEmzJd3MGAAAK
--- SOCKET REGISTER ---
Member: df603033-5528-4dde-885f-407c1015e488
Socket ID: UbdTe_phQQvR75nKAAAP
